[0.350s] Invoking command in '/home/students_steeringwheel/Steeringwheel-Workspace/ros2_ws/src/piper_ros/src/piper': PS1=(ros2_env) \[\e]0;\u@\h: \w\a\]${debian_chroot:+($debian_chroot)}\[\033[01;32m\]\u@\h\[\033[00m\]:\[\033[01;34m\]\w\[\033[00m\]\$ PYTHONPATH=/home/students_steeringwheel/Steeringwheel-Workspace/ros2_ws/build/piper/prefix_override:/home/students_steeringwheel/ros2_env/lib/python3.10/site-packages/colcon_core/task/python/colcon_distutils_commands:/home/students_steeringwheel/Steeringwheel-Workspace/ros2_ws/install/piper/lib/python3.10/site-packages:${PYTHONPATH} VIRTUAL_ENV_PROMPT=(ros2_env) /home/students_steeringwheel/ros2_env/bin/python3.10 -W ignore:setup.py install is deprecated -W ignore:easy_install command is deprecated setup.py egg_info --egg-base ../../../../build/piper build --build-base /home/students_steeringwheel/Steeringwheel-Workspace/ros2_ws/build/piper/build install --record /home/students_steeringwheel/Steeringwheel-Workspace/ros2_ws/build/piper/install.log --single-version-externally-managed install_data
[0.438s] running egg_info
[0.438s] creating ../../../../build/piper/piper.egg-info
[0.438s] writing ../../../../build/piper/piper.egg-info/PKG-INFO
[0.438s] writing dependency_links to ../../../../build/piper/piper.egg-info/dependency_links.txt
[0.438s] writing entry points to ../../../../build/piper/piper.egg-info/entry_points.txt
[0.438s] writing requirements to ../../../../build/piper/piper.egg-info/requires.txt
[0.438s] writing top-level names to ../../../../build/piper/piper.egg-info/top_level.txt
[0.439s] writing manifest file '../../../../build/piper/piper.egg-info/SOURCES.txt'
[0.439s] reading manifest file '../../../../build/piper/piper.egg-info/SOURCES.txt'
[0.439s] adding license file 'LICENSE'
[0.440s] writing manifest file '../../../../build/piper/piper.egg-info/SOURCES.txt'
[0.440s] running build
[0.440s] running build_py
[0.440s] creating /home/students_steeringwheel/Steeringwheel-Workspace/ros2_ws/build/piper/build
[0.440s] creating /home/students_steeringwheel/Steeringwheel-Workspace/ros2_ws/build/piper/build/lib
[0.441s] creating /home/students_steeringwheel/Steeringwheel-Workspace/ros2_ws/build/piper/build/lib/piper
[0.441s] copying piper/piper_read_slave_joint.py -> /home/students_steeringwheel/Steeringwheel-Workspace/ros2_ws/build/piper/build/lib/piper
[0.441s] copying piper/__init__.py -> /home/students_steeringwheel/Steeringwheel-Workspace/ros2_ws/build/piper/build/lib/piper
[0.441s] copying piper/piper_ctrl_single_node.py -> /home/students_steeringwheel/Steeringwheel-Workspace/ros2_ws/build/piper/build/lib/piper
[0.441s] copying piper/piper_ctrl_single_node_new.py -> /home/students_steeringwheel/Steeringwheel-Workspace/ros2_ws/build/piper/build/lib/piper
[0.441s] running install
[0.441s] running install_lib
[0.441s] creating /home/students_steeringwheel/Steeringwheel-Workspace/ros2_ws/install/piper/lib/python3.10/site-packages/piper
[0.441s] copying /home/students_steeringwheel/Steeringwheel-Workspace/ros2_ws/build/piper/build/lib/piper/piper_read_slave_joint.py -> /home/students_steeringwheel/Steeringwheel-Workspace/ros2_ws/install/piper/lib/python3.10/site-packages/piper
[0.441s] copying /home/students_steeringwheel/Steeringwheel-Workspace/ros2_ws/build/piper/build/lib/piper/__init__.py -> /home/students_steeringwheel/Steeringwheel-Workspace/ros2_ws/install/piper/lib/python3.10/site-packages/piper
[0.441s] copying /home/students_steeringwheel/Steeringwheel-Workspace/ros2_ws/build/piper/build/lib/piper/piper_ctrl_single_node.py -> /home/students_steeringwheel/Steeringwheel-Workspace/ros2_ws/install/piper/lib/python3.10/site-packages/piper
[0.441s] copying /home/students_steeringwheel/Steeringwheel-Workspace/ros2_ws/build/piper/build/lib/piper/piper_ctrl_single_node_new.py -> /home/students_steeringwheel/Steeringwheel-Workspace/ros2_ws/install/piper/lib/python3.10/site-packages/piper
[0.442s] byte-compiling /home/students_steeringwheel/Steeringwheel-Workspace/ros2_ws/install/piper/lib/python3.10/site-packages/piper/piper_read_slave_joint.py to piper_read_slave_joint.cpython-310.pyc
[0.443s] byte-compiling /home/students_steeringwheel/Steeringwheel-Workspace/ros2_ws/install/piper/lib/python3.10/site-packages/piper/__init__.py to __init__.cpython-310.pyc
[0.443s] byte-compiling /home/students_steeringwheel/Steeringwheel-Workspace/ros2_ws/install/piper/lib/python3.10/site-packages/piper/piper_ctrl_single_node.py to piper_ctrl_single_node.cpython-310.pyc
[0.444s] byte-compiling /home/students_steeringwheel/Steeringwheel-Workspace/ros2_ws/install/piper/lib/python3.10/site-packages/piper/piper_ctrl_single_node_new.py to piper_ctrl_single_node_new.cpython-310.pyc
[0.445s] running install_data
[0.446s] creating /home/students_steeringwheel/Steeringwheel-Workspace/ros2_ws/install/piper/share/ament_index
[0.446s] creating /home/students_steeringwheel/Steeringwheel-Workspace/ros2_ws/install/piper/share/ament_index/resource_index
[0.446s] creating /home/students_steeringwheel/Steeringwheel-Workspace/ros2_ws/install/piper/share/ament_index/resource_index/packages
[0.446s] copying resource/piper -> /home/students_steeringwheel/Steeringwheel-Workspace/ros2_ws/install/piper/share/ament_index/resource_index/packages
[0.446s] copying package.xml -> /home/students_steeringwheel/Steeringwheel-Workspace/ros2_ws/install/piper/share/piper
[0.446s] creating /home/students_steeringwheel/Steeringwheel-Workspace/ros2_ws/install/piper/share/piper/launch
[0.446s] copying launch/start_single_piper_rviz.launch.py -> /home/students_steeringwheel/Steeringwheel-Workspace/ros2_ws/install/piper/share/piper/launch
[0.446s] copying launch/start_single_piper.launch.py -> /home/students_steeringwheel/Steeringwheel-Workspace/ros2_ws/install/piper/share/piper/launch
[0.446s] copying launch/start_two_piper.launch.py -> /home/students_steeringwheel/Steeringwheel-Workspace/ros2_ws/install/piper/share/piper/launch
[0.446s] running install_egg_info
[0.447s] Copying ../../../../build/piper/piper.egg-info to /home/students_steeringwheel/Steeringwheel-Workspace/ros2_ws/install/piper/lib/python3.10/site-packages/piper-0.0.0-py3.10.egg-info
[0.448s] running install_scripts
[0.457s] Installing piper_read_slave_joint script to /home/students_steeringwheel/Steeringwheel-Workspace/ros2_ws/install/piper/lib/piper
[0.457s] Installing piper_single_ctrl script to /home/students_steeringwheel/Steeringwheel-Workspace/ros2_ws/install/piper/lib/piper
[0.457s] writing list of installed files to '/home/students_steeringwheel/Steeringwheel-Workspace/ros2_ws/build/piper/install.log'
[0.474s] Invoked command in '/home/students_steeringwheel/Steeringwheel-Workspace/ros2_ws/src/piper_ros/src/piper' returned '0': PS1=(ros2_env) \[\e]0;\u@\h: \w\a\]${debian_chroot:+($debian_chroot)}\[\033[01;32m\]\u@\h\[\033[00m\]:\[\033[01;34m\]\w\[\033[00m\]\$ PYTHONPATH=/home/students_steeringwheel/Steeringwheel-Workspace/ros2_ws/build/piper/prefix_override:/home/students_steeringwheel/ros2_env/lib/python3.10/site-packages/colcon_core/task/python/colcon_distutils_commands:/home/students_steeringwheel/Steeringwheel-Workspace/ros2_ws/install/piper/lib/python3.10/site-packages:${PYTHONPATH} VIRTUAL_ENV_PROMPT=(ros2_env) /home/students_steeringwheel/ros2_env/bin/python3.10 -W ignore:setup.py install is deprecated -W ignore:easy_install command is deprecated setup.py egg_info --egg-base ../../../../build/piper build --build-base /home/students_steeringwheel/Steeringwheel-Workspace/ros2_ws/build/piper/build install --record /home/students_steeringwheel/Steeringwheel-Workspace/ros2_ws/build/piper/install.log --single-version-externally-managed install_data
