[0.218s] Invoking command in '/home/students_steeringwheel/Steeringwheel-Workspace/ros2_ws/src/g29_isaac_bridge': PS1=(ros2_env) \[\e]0;\u@\h: \w\a\]${debian_chroot:+($debian_chroot)}\[\033[01;32m\]\u@\h\[\033[00m\]:\[\033[01;34m\]\w\[\033[00m\]\$ PYTHONPATH=/home/students_steeringwheel/Steeringwheel-Workspace/ros2_ws/build/g29_isaac_bridge/prefix_override:/home/students_steeringwheel/ros2_env/lib/python3.10/site-packages/colcon_core/task/python/colcon_distutils_commands:/home/students_steeringwheel/Steeringwheel-Workspace/ros2_ws/install/g29_isaac_bridge/lib/python3.10/site-packages:${PYTHONPATH} VIRTUAL_ENV_PROMPT=(ros2_env) /home/students_steeringwheel/ros2_env/bin/python3.10 -W ignore:setup.py install is deprecated -W ignore:easy_install command is deprecated setup.py egg_info --egg-base ../../build/g29_isaac_bridge build --build-base /home/students_steeringwheel/Steeringwheel-Workspace/ros2_ws/build/g29_isaac_bridge/build install --record /home/students_steeringwheel/Steeringwheel-Workspace/ros2_ws/build/g29_isaac_bridge/install.log --single-version-externally-managed
[0.298s] running egg_info
[0.298s] writing ../../build/g29_isaac_bridge/g29_isaac_bridge.egg-info/PKG-INFO
[0.298s] writing dependency_links to ../../build/g29_isaac_bridge/g29_isaac_bridge.egg-info/dependency_links.txt
[0.298s] writing entry points to ../../build/g29_isaac_bridge/g29_isaac_bridge.egg-info/entry_points.txt
[0.298s] writing requirements to ../../build/g29_isaac_bridge/g29_isaac_bridge.egg-info/requires.txt
[0.298s] writing top-level names to ../../build/g29_isaac_bridge/g29_isaac_bridge.egg-info/top_level.txt
[0.299s] reading manifest file '../../build/g29_isaac_bridge/g29_isaac_bridge.egg-info/SOURCES.txt'
[0.299s] writing manifest file '../../build/g29_isaac_bridge/g29_isaac_bridge.egg-info/SOURCES.txt'
[0.299s] running build
[0.299s] running build_py
[0.299s] copying g29_isaac_bridge/g29_steering_node.py -> /home/students_steeringwheel/Steeringwheel-Workspace/ros2_ws/build/g29_isaac_bridge/build/lib/g29_isaac_bridge
[0.299s] running install
[0.299s] running install_lib
[0.300s] copying /home/students_steeringwheel/Steeringwheel-Workspace/ros2_ws/build/g29_isaac_bridge/build/lib/g29_isaac_bridge/g29_steering_node.py -> /home/students_steeringwheel/Steeringwheel-Workspace/ros2_ws/install/g29_isaac_bridge/lib/python3.10/site-packages/g29_isaac_bridge
[0.300s] byte-compiling /home/students_steeringwheel/Steeringwheel-Workspace/ros2_ws/install/g29_isaac_bridge/lib/python3.10/site-packages/g29_isaac_bridge/g29_steering_node.py to g29_steering_node.cpython-310.pyc
[0.300s] running install_egg_info
[0.301s] removing '/home/students_steeringwheel/Steeringwheel-Workspace/ros2_ws/install/g29_isaac_bridge/lib/python3.10/site-packages/g29_isaac_bridge-0.0.1-py3.10.egg-info' (and everything under it)
[0.301s] Copying ../../build/g29_isaac_bridge/g29_isaac_bridge.egg-info to /home/students_steeringwheel/Steeringwheel-Workspace/ros2_ws/install/g29_isaac_bridge/lib/python3.10/site-packages/g29_isaac_bridge-0.0.1-py3.10.egg-info
[0.302s] running install_scripts
[0.310s] Installing g29_steering_node script to /home/students_steeringwheel/Steeringwheel-Workspace/ros2_ws/install/g29_isaac_bridge/lib/g29_isaac_bridge
[0.310s] writing list of installed files to '/home/students_steeringwheel/Steeringwheel-Workspace/ros2_ws/build/g29_isaac_bridge/install.log'
[0.321s] Invoked command in '/home/students_steeringwheel/Steeringwheel-Workspace/ros2_ws/src/g29_isaac_bridge' returned '0': PS1=(ros2_env) \[\e]0;\u@\h: \w\a\]${debian_chroot:+($debian_chroot)}\[\033[01;32m\]\u@\h\[\033[00m\]:\[\033[01;34m\]\w\[\033[00m\]\$ PYTHONPATH=/home/students_steeringwheel/Steeringwheel-Workspace/ros2_ws/build/g29_isaac_bridge/prefix_override:/home/students_steeringwheel/ros2_env/lib/python3.10/site-packages/colcon_core/task/python/colcon_distutils_commands:/home/students_steeringwheel/Steeringwheel-Workspace/ros2_ws/install/g29_isaac_bridge/lib/python3.10/site-packages:${PYTHONPATH} VIRTUAL_ENV_PROMPT=(ros2_env) /home/students_steeringwheel/ros2_env/bin/python3.10 -W ignore:setup.py install is deprecated -W ignore:easy_install command is deprecated setup.py egg_info --egg-base ../../build/g29_isaac_bridge build --build-base /home/students_steeringwheel/Steeringwheel-Workspace/ros2_ws/build/g29_isaac_bridge/build install --record /home/students_steeringwheel/Steeringwheel-Workspace/ros2_ws/build/g29_isaac_bridge/install.log --single-version-externally-managed
