[0.201s] Invoking command in '/home/students_steeringwheel/Steeringwheel-Workspace/ros2_ws/build/piper_gazebo': CMAKE_PREFIX_PATH=${CMAKE_PREFIX_PATH}:/home/students_steeringwheel/Steeringwheel-Workspace/ros2_ws/install/piper:/home/students_steeringwheel/Steeringwheel-Workspace/ros2_ws/install/g29_isaac_bridge:/opt/ros/humble PS1=(ros2_env) \[\e]0;\u@\h: \w\a\]${debian_chroot:+($debian_chroot)}\[\033[01;32m\]\u@\h\[\033[00m\]:\[\033[01;34m\]\w\[\033[00m\]\$ VIRTUAL_ENV_PROMPT=(ros2_env) /usr/bin/cmake --build /home/students_steeringwheel/Steeringwheel-Workspace/ros2_ws/build/piper_gazebo -- -j32 -l32
[0.234s] Invoked command in '/home/students_steeringwheel/Steeringwheel-Workspace/ros2_ws/build/piper_gazebo' returned '0': CMAKE_PREFIX_PATH=${CMAKE_PREFIX_PATH}:/home/students_steeringwheel/Steeringwheel-Workspace/ros2_ws/install/piper:/home/students_steeringwheel/Steeringwheel-Workspace/ros2_ws/install/g29_isaac_bridge:/opt/ros/humble PS1=(ros2_env) \[\e]0;\u@\h: \w\a\]${debian_chroot:+($debian_chroot)}\[\033[01;32m\]\u@\h\[\033[00m\]:\[\033[01;34m\]\w\[\033[00m\]\$ VIRTUAL_ENV_PROMPT=(ros2_env) /usr/bin/cmake --build /home/students_steeringwheel/Steeringwheel-Workspace/ros2_ws/build/piper_gazebo -- -j32 -l32
[0.234s] Invoking command in '/home/students_steeringwheel/Steeringwheel-Workspace/ros2_ws/build/piper_gazebo': CMAKE_PREFIX_PATH=${CMAKE_PREFIX_PATH}:/home/students_steeringwheel/Steeringwheel-Workspace/ros2_ws/install/piper:/home/students_steeringwheel/Steeringwheel-Workspace/ros2_ws/install/g29_isaac_bridge:/opt/ros/humble PS1=(ros2_env) \[\e]0;\u@\h: \w\a\]${debian_chroot:+($debian_chroot)}\[\033[01;32m\]\u@\h\[\033[00m\]:\[\033[01;34m\]\w\[\033[00m\]\$ VIRTUAL_ENV_PROMPT=(ros2_env) /usr/bin/cmake --install /home/students_steeringwheel/Steeringwheel-Workspace/ros2_ws/build/piper_gazebo
[0.242s] -- Install configuration: ""
[0.242s] -- Up-to-date: /home/students_steeringwheel/Steeringwheel-Workspace/ros2_ws/install/piper_gazebo/share/piper_gazebo/launch
[0.242s] -- Up-to-date: /home/students_steeringwheel/Steeringwheel-Workspace/ros2_ws/install/piper_gazebo/share/piper_gazebo/launch/piper_with_gripper
[0.242s] -- Up-to-date: /home/students_steeringwheel/Steeringwheel-Workspace/ros2_ws/install/piper_gazebo/share/piper_gazebo/launch/piper_with_gripper/piper_gazebo.launch.py
[0.242s] -- Up-to-date: /home/students_steeringwheel/Steeringwheel-Workspace/ros2_ws/install/piper_gazebo/share/piper_gazebo/launch/piper_no_gripper
[0.242s] -- Up-to-date: /home/students_steeringwheel/Steeringwheel-Workspace/ros2_ws/install/piper_gazebo/share/piper_gazebo/launch/piper_no_gripper/piper_no_gripper_gazebo.launch.py
[0.242s] -- Up-to-date: /home/students_steeringwheel/Steeringwheel-Workspace/ros2_ws/install/piper_gazebo/share/piper_gazebo/config
[0.242s] -- Up-to-date: /home/students_steeringwheel/Steeringwheel-Workspace/ros2_ws/install/piper_gazebo/share/piper_gazebo/config/ros2_controllers.yaml
[0.242s] -- Up-to-date: /home/students_steeringwheel/Steeringwheel-Workspace/ros2_ws/install/piper_gazebo/share/piper_gazebo/config/ros2_no_gripper_controllers.yaml
[0.242s] -- Up-to-date: /home/students_steeringwheel/Steeringwheel-Workspace/ros2_ws/install/piper_gazebo/share/piper_gazebo/scripts
[0.242s] -- Up-to-date: /home/students_steeringwheel/Steeringwheel-Workspace/ros2_ws/install/piper_gazebo/share/piper_gazebo/scripts/joint8_ctrl.py
[0.242s] -- Up-to-date: /home/students_steeringwheel/Steeringwheel-Workspace/ros2_ws/install/piper_gazebo/lib/piper_gazebo/joint8_ctrl.py
[0.242s] -- Up-to-date: /home/students_steeringwheel/Steeringwheel-Workspace/ros2_ws/install/piper_gazebo/share/ament_index/resource_index/package_run_dependencies/piper_gazebo
[0.242s] -- Up-to-date: /home/students_steeringwheel/Steeringwheel-Workspace/ros2_ws/install/piper_gazebo/share/ament_index/resource_index/parent_prefix_path/piper_gazebo
[0.242s] -- Up-to-date: /home/students_steeringwheel/Steeringwheel-Workspace/ros2_ws/install/piper_gazebo/share/piper_gazebo/environment/ament_prefix_path.sh
[0.242s] -- Up-to-date: /home/students_steeringwheel/Steeringwheel-Workspace/ros2_ws/install/piper_gazebo/share/piper_gazebo/environment/ament_prefix_path.dsv
[0.242s] -- Up-to-date: /home/students_steeringwheel/Steeringwheel-Workspace/ros2_ws/install/piper_gazebo/share/piper_gazebo/environment/path.sh
[0.242s] -- Up-to-date: /home/students_steeringwheel/Steeringwheel-Workspace/ros2_ws/install/piper_gazebo/share/piper_gazebo/environment/path.dsv
[0.242s] -- Up-to-date: /home/students_steeringwheel/Steeringwheel-Workspace/ros2_ws/install/piper_gazebo/share/piper_gazebo/local_setup.bash
[0.242s] -- Up-to-date: /home/students_steeringwheel/Steeringwheel-Workspace/ros2_ws/install/piper_gazebo/share/piper_gazebo/local_setup.sh
[0.242s] -- Up-to-date: /home/students_steeringwheel/Steeringwheel-Workspace/ros2_ws/install/piper_gazebo/share/piper_gazebo/local_setup.zsh
[0.242s] -- Up-to-date: /home/students_steeringwheel/Steeringwheel-Workspace/ros2_ws/install/piper_gazebo/share/piper_gazebo/local_setup.dsv
[0.242s] -- Installing: /home/students_steeringwheel/Steeringwheel-Workspace/ros2_ws/install/piper_gazebo/share/piper_gazebo/package.dsv
[0.243s] -- Up-to-date: /home/students_steeringwheel/Steeringwheel-Workspace/ros2_ws/install/piper_gazebo/share/ament_index/resource_index/packages/piper_gazebo
[0.243s] -- Up-to-date: /home/students_steeringwheel/Steeringwheel-Workspace/ros2_ws/install/piper_gazebo/share/piper_gazebo/cmake/piper_gazeboConfig.cmake
[0.243s] -- Up-to-date: /home/students_steeringwheel/Steeringwheel-Workspace/ros2_ws/install/piper_gazebo/share/piper_gazebo/cmake/piper_gazeboConfig-version.cmake
[0.243s] -- Up-to-date: /home/students_steeringwheel/Steeringwheel-Workspace/ros2_ws/install/piper_gazebo/share/piper_gazebo/package.xml
[0.250s] Invoked command in '/home/students_steeringwheel/Steeringwheel-Workspace/ros2_ws/build/piper_gazebo' returned '0': CMAKE_PREFIX_PATH=${CMAKE_PREFIX_PATH}:/home/students_steeringwheel/Steeringwheel-Workspace/ros2_ws/install/piper:/home/students_steeringwheel/Steeringwheel-Workspace/ros2_ws/install/g29_isaac_bridge:/opt/ros/humble PS1=(ros2_env) \[\e]0;\u@\h: \w\a\]${debian_chroot:+($debian_chroot)}\[\033[01;32m\]\u@\h\[\033[00m\]:\[\033[01;34m\]\w\[\033[00m\]\$ VIRTUAL_ENV_PROMPT=(ros2_env) /usr/bin/cmake --install /home/students_steeringwheel/Steeringwheel-Workspace/ros2_ws/build/piper_gazebo
