[0.198s] Invoking command in '/home/students_steeringwheel/Steeringwheel-Workspace/ros2_ws/build/piper_msgs': CMAKE_PREFIX_PATH=/opt/ros/humble PS1=(ros2_env) \[\e]0;\u@\h: \w\a\]${debian_chroot:+($debian_chroot)}\[\033[01;32m\]\u@\h\[\033[00m\]:\[\033[01;34m\]\w\[\033[00m\]\$ VIRTUAL_ENV_PROMPT=(ros2_env) /usr/bin/cmake /home/students_steeringwheel/Steeringwheel-Workspace/ros2_ws/src/piper_ros/src/piper_msgs -DCMAKE_INSTALL_PREFIX=/home/students_steeringwheel/Steeringwheel-Workspace/ros2_ws/install/piper_msgs
[0.204s] [0mCMake Deprecation Warning at CMakeLists.txt:1 (cmake_minimum_required):
[0.204s]   Compatibility with CMake < 3.10 will be removed from a future version of
[0.204s]   CMake.
[0.204s] 
[0.204s]   Update the VERSION argument <min> value.  Or, use the <min>...<max> syntax
[0.204s]   to tell CMake that the project requires at least <min> but has been updated
[0.204s]   to work with policies introduced by <max> or earlier.
[0.204s] 
[0.204s] [0m
[0.229s] -- The C compiler identification is GNU 11.4.0
[0.267s] -- The CXX compiler identification is GNU 11.4.0
[0.271s] -- Detecting C compiler ABI info
[0.305s] -- Detecting C compiler ABI info - done
[0.313s] -- Check for working C compiler: /usr/bin/cc - skipped
[0.313s] -- Detecting C compile features
[0.313s] -- Detecting C compile features - done
[0.321s] -- Detecting CXX compiler ABI info
[0.362s] -- Detecting CXX compiler ABI info - done
[0.371s] -- Check for working CXX compiler: /usr/bin/c++ - skipped
[0.371s] -- Detecting CXX compile features
[0.371s] -- Detecting CXX compile features - done
[0.376s] -- Found ament_cmake: 1.3.12 (/opt/ros/humble/share/ament_cmake/cmake)
[0.431s] -- Found Python3: /home/students_steeringwheel/ros2_env/bin/python3 (found version "3.10.12") found components: Interpreter
[0.481s] -- Found rclpy: 3.3.17 (/opt/ros/humble/share/rclpy/cmake)
[0.482s] -- Found rosidl_default_generators: 1.2.0 (/opt/ros/humble/share/rosidl_default_generators/cmake)
[0.485s] -- Using all available rosidl_typesupport_c: rosidl_typesupport_fastrtps_c;rosidl_typesupport_introspection_c
[0.491s] -- Found rosidl_adapter: 3.1.7 (/opt/ros/humble/share/rosidl_adapter/cmake)
[0.522s] -- Using all available rosidl_typesupport_cpp: rosidl_typesupport_fastrtps_cpp;rosidl_typesupport_introspection_cpp
[0.628s] [31mCMake Error at /opt/ros/humble/share/rosidl_adapter/cmake/rosidl_adapt_interfaces.cmake:59 (message):
[0.628s]   execute_process(/home/students_steeringwheel/ros2_env/bin/python3 -m
[0.628s]   rosidl_adapter --package-name piper_msgs --arguments-file
[0.628s]   /home/students_steeringwheel/Steeringwheel-Workspace/ros2_ws/build/piper_msgs/rosidl_adapter__arguments__piper_msgs.json
[0.628s]   --output-dir
[0.628s]   /home/students_steeringwheel/Steeringwheel-Workspace/ros2_ws/build/piper_msgs/rosidl_adapter/piper_msgs
[0.628s]   --output-file
[0.628s]   /home/students_steeringwheel/Steeringwheel-Workspace/ros2_ws/build/piper_msgs/rosidl_adapter/piper_msgs.idls)
[0.628s]   returned error code 1:
[0.628s] 
[0.628s]   AttributeError processing template 'msg.idl.em'
[0.628s] 
[0.628s]   Traceback (most recent call last):
[0.628s] 
[0.628s]     File "/opt/ros/humble/local/lib/python3.10/dist-packages/rosidl_adapter/resource/__init__.py", line 51, in evaluate_template
[0.628s]       em.BUFFERED_OPT: True,
[0.628s] 
[0.628s]   AttributeError: module 'em' has no attribute 'BUFFERED_OPT'
[0.628s] 
[0.629s] 
[0.629s] 
[0.629s]   During handling of the above exception, another exception occurred:
[0.629s] 
[0.629s] 
[0.629s] 
[0.629s]   Traceback (most recent call last):
[0.629s] 
[0.629s]     File "/usr/lib/python3.10/runpy.py", line 196, in _run_module_as_main
[0.629s]       return _run_code(code, main_globals, None,
[0.629s]     File "/usr/lib/python3.10/runpy.py", line 86, in _run_code
[0.629s]       exec(code, run_globals)
[0.629s]     File "/opt/ros/humble/local/lib/python3.10/dist-packages/rosidl_adapter/__main__.py", line 19, in <module>
[0.629s]       sys.exit(main())
[0.629s]     File "/opt/ros/humble/local/lib/python3.10/dist-packages/rosidl_adapter/main.py", line 53, in main
[0.629s]       abs_idl_file = convert_to_idl(
[0.629s]     File "/opt/ros/humble/local/lib/python3.10/dist-packages/rosidl_adapter/__init__.py", line 19, in convert_to_idl
[0.629s]       return convert_msg_to_idl(
[0.629s]     File "/opt/ros/humble/local/lib/python3.10/dist-packages/rosidl_adapter/msg/__init__.py", line 39, in convert_msg_to_idl
[0.629s]       expand_template('msg.idl.em', data, output_file, encoding='iso-8859-1')
[0.629s]     File "/opt/ros/humble/local/lib/python3.10/dist-packages/rosidl_adapter/resource/__init__.py", line 23, in expand_template
[0.629s]       content = evaluate_template(template_name, data)
[0.629s]     File "/opt/ros/humble/local/lib/python3.10/dist-packages/rosidl_adapter/resource/__init__.py", line 69, in evaluate_template
[0.629s]       _interpreter.shutdown()
[0.629s] 
[0.629s]   AttributeError: 'NoneType' object has no attribute 'shutdown'
[0.629s] 
[0.629s] Call Stack (most recent call first):
[0.629s]   /opt/ros/humble/share/rosidl_cmake/cmake/rosidl_generate_interfaces.cmake:130 (rosidl_adapt_interfaces)
[0.629s]   CMakeLists.txt:13 (rosidl_generate_interfaces)
[0.629s] 
[0.629s] [0m
[0.629s] -- Configuring incomplete, errors occurred!
[0.633s] Invoked command in '/home/students_steeringwheel/Steeringwheel-Workspace/ros2_ws/build/piper_msgs' returned '1': CMAKE_PREFIX_PATH=/opt/ros/humble PS1=(ros2_env) \[\e]0;\u@\h: \w\a\]${debian_chroot:+($debian_chroot)}\[\033[01;32m\]\u@\h\[\033[00m\]:\[\033[01;34m\]\w\[\033[00m\]\$ VIRTUAL_ENV_PROMPT=(ros2_env) /usr/bin/cmake /home/students_steeringwheel/Steeringwheel-Workspace/ros2_ws/src/piper_ros/src/piper_msgs -DCMAKE_INSTALL_PREFIX=/home/students_steeringwheel/Steeringwheel-Workspace/ros2_ws/install/piper_msgs
