[0.023s] Invoking command in '/home/students_steeringwheel/Steeringwheel-Workspace/ros2_ws/build/piper_description': CMAKE_PREFIX_PATH=${CMAKE_PREFIX_PATH}:/home/students_steeringwheel/Steeringwheel-Workspace/ros2_ws/install/piper:/home/students_steeringwheel/Steeringwheel-Workspace/ros2_ws/install/g29_isaac_bridge:/opt/ros/humble PS1=(ros2_env) \[\e]0;\u@\h: \w\a\]${debian_chroot:+($debian_chroot)}\[\033[01;32m\]\u@\h\[\033[00m\]:\[\033[01;34m\]\w\[\033[00m\]\$ VIRTUAL_ENV_PROMPT=(ros2_env) /usr/bin/cmake --build /home/students_steeringwheel/Steeringwheel-Workspace/ros2_ws/build/piper_description -- -j32 -l32
[0.219s] Invoked command in '/home/students_steeringwheel/Steeringwheel-Workspace/ros2_ws/build/piper_description' returned '0': CMAKE_PREFIX_PATH=${CMAKE_PREFIX_PATH}:/home/students_steeringwheel/Steeringwheel-Workspace/ros2_ws/install/piper:/home/students_steeringwheel/Steeringwheel-Workspace/ros2_ws/install/g29_isaac_bridge:/opt/ros/humble PS1=(ros2_env) \[\e]0;\u@\h: \w\a\]${debian_chroot:+($debian_chroot)}\[\033[01;32m\]\u@\h\[\033[00m\]:\[\033[01;34m\]\w\[\033[00m\]\$ VIRTUAL_ENV_PROMPT=(ros2_env) /usr/bin/cmake --build /home/students_steeringwheel/Steeringwheel-Workspace/ros2_ws/build/piper_description -- -j32 -l32
[0.223s] Invoking command in '/home/students_steeringwheel/Steeringwheel-Workspace/ros2_ws/build/piper_description': CMAKE_PREFIX_PATH=${CMAKE_PREFIX_PATH}:/home/students_steeringwheel/Steeringwheel-Workspace/ros2_ws/install/piper:/home/students_steeringwheel/Steeringwheel-Workspace/ros2_ws/install/g29_isaac_bridge:/opt/ros/humble PS1=(ros2_env) \[\e]0;\u@\h: \w\a\]${debian_chroot:+($debian_chroot)}\[\033[01;32m\]\u@\h\[\033[00m\]:\[\033[01;34m\]\w\[\033[00m\]\$ VIRTUAL_ENV_PROMPT=(ros2_env) /usr/bin/cmake --install /home/students_steeringwheel/Steeringwheel-Workspace/ros2_ws/build/piper_description
[0.224s] -- Install configuration: ""
[0.224s] -- Up-to-date: /home/students_steeringwheel/Steeringwheel-Workspace/ros2_ws/install/piper_description/share/piper_description/launch
[0.224s] -- Up-to-date: /home/students_steeringwheel/Steeringwheel-Workspace/ros2_ws/install/piper_description/share/piper_description/launch/piper_with_teach
[0.224s] -- Up-to-date: /home/students_steeringwheel/Steeringwheel-Workspace/ros2_ws/install/piper_description/share/piper_description/launch/piper_with_teach/display_with_teach_urdf.launch.py
[0.225s] -- Up-to-date: /home/students_steeringwheel/Steeringwheel-Workspace/ros2_ws/install/piper_description/share/piper_description/launch/piper_with_gripper
[0.231s] -- Up-to-date: /home/students_steeringwheel/Steeringwheel-Workspace/ros2_ws/install/piper_description/share/piper_description/launch/piper_with_gripper/display_urdf.launch.py
[0.231s] -- Up-to-date: /home/students_steeringwheel/Steeringwheel-Workspace/ros2_ws/install/piper_description/share/piper_description/launch/piper_with_gripper/display_xacro.launch.py
[0.231s] -- Up-to-date: /home/students_steeringwheel/Steeringwheel-Workspace/ros2_ws/install/piper_description/share/piper_description/launch/piper_with_gripper/display_urdf_follow.launch.py
[0.231s] -- Up-to-date: /home/students_steeringwheel/Steeringwheel-Workspace/ros2_ws/install/piper_description/share/piper_description/launch/piper_no_gripper
[0.232s] -- Up-to-date: /home/students_steeringwheel/Steeringwheel-Workspace/ros2_ws/install/piper_description/share/piper_description/launch/piper_no_gripper/display_no_gripper_urdf.launch.py
[0.232s] -- Up-to-date: /home/students_steeringwheel/Steeringwheel-Workspace/ros2_ws/install/piper_description/share/piper_description/launch/piper_no_gripper/display_no_gripper_xacro.launch.py
[0.232s] -- Up-to-date: /home/students_steeringwheel/Steeringwheel-Workspace/ros2_ws/install/piper_description/share/piper_description/launch/piper_no_gripper/display_no_gripper_urdf_follow.launch.py
[0.232s] -- Up-to-date: /home/students_steeringwheel/Steeringwheel-Workspace/ros2_ws/install/piper_description/share/piper_description/meshes
[0.232s] -- Up-to-date: /home/students_steeringwheel/Steeringwheel-Workspace/ros2_ws/install/piper_description/share/piper_description/meshes/link7.STL
[0.232s] -- Up-to-date: /home/students_steeringwheel/Steeringwheel-Workspace/ros2_ws/install/piper_description/share/piper_description/meshes/link4.STL
[0.232s] -- Up-to-date: /home/students_steeringwheel/Steeringwheel-Workspace/ros2_ws/install/piper_description/share/piper_description/meshes/link5.STL
[0.232s] -- Up-to-date: /home/students_steeringwheel/Steeringwheel-Workspace/ros2_ws/install/piper_description/share/piper_description/meshes/teach_base.STL
[0.232s] -- Up-to-date: /home/students_steeringwheel/Steeringwheel-Workspace/ros2_ws/install/piper_description/share/piper_description/meshes/link3.STL
[0.232s] -- Up-to-date: /home/students_steeringwheel/Steeringwheel-Workspace/ros2_ws/install/piper_description/share/piper_description/meshes/gripper_base.STL
[0.232s] -- Up-to-date: /home/students_steeringwheel/Steeringwheel-Workspace/ros2_ws/install/piper_description/share/piper_description/meshes/link6.STL
[0.232s] -- Up-to-date: /home/students_steeringwheel/Steeringwheel-Workspace/ros2_ws/install/piper_description/share/piper_description/meshes/teach_link8.STL
[0.232s] -- Up-to-date: /home/students_steeringwheel/Steeringwheel-Workspace/ros2_ws/install/piper_description/share/piper_description/meshes/link1.STL
[0.232s] -- Up-to-date: /home/students_steeringwheel/Steeringwheel-Workspace/ros2_ws/install/piper_description/share/piper_description/meshes/teach_link7.STL
[0.232s] -- Up-to-date: /home/students_steeringwheel/Steeringwheel-Workspace/ros2_ws/install/piper_description/share/piper_description/meshes/base_link.STL
[0.232s] -- Up-to-date: /home/students_steeringwheel/Steeringwheel-Workspace/ros2_ws/install/piper_description/share/piper_description/meshes/link8.STL
[0.232s] -- Up-to-date: /home/students_steeringwheel/Steeringwheel-Workspace/ros2_ws/install/piper_description/share/piper_description/meshes/link2.STL
[0.232s] -- Up-to-date: /home/students_steeringwheel/Steeringwheel-Workspace/ros2_ws/install/piper_description/share/piper_description/rviz
[0.232s] -- Up-to-date: /home/students_steeringwheel/Steeringwheel-Workspace/ros2_ws/install/piper_description/share/piper_description/rviz/piper_ctrl.rviz
[0.232s] -- Up-to-date: /home/students_steeringwheel/Steeringwheel-Workspace/ros2_ws/install/piper_description/share/piper_description/rviz/piper_no_gripper.rviz
[0.232s] -- Up-to-date: /home/students_steeringwheel/Steeringwheel-Workspace/ros2_ws/install/piper_description/share/piper_description/urdf
[0.232s] -- Up-to-date: /home/students_steeringwheel/Steeringwheel-Workspace/ros2_ws/install/piper_description/share/piper_description/urdf/piper_no_gripper_description.urdf
[0.232s] -- Up-to-date: /home/students_steeringwheel/Steeringwheel-Workspace/ros2_ws/install/piper_description/share/piper_description/urdf/piper_description_old.urdf
[0.232s] -- Up-to-date: /home/students_steeringwheel/Steeringwheel-Workspace/ros2_ws/install/piper_description/share/piper_description/urdf/piper_no_gripper_description_old.urdf
[0.232s] -- Up-to-date: /home/students_steeringwheel/Steeringwheel-Workspace/ros2_ws/install/piper_description/share/piper_description/urdf/piper_no_gripper_description.xacro
[0.232s] -- Up-to-date: /home/students_steeringwheel/Steeringwheel-Workspace/ros2_ws/install/piper_description/share/piper_description/urdf/piper_description.urdf
[0.232s] -- Up-to-date: /home/students_steeringwheel/Steeringwheel-Workspace/ros2_ws/install/piper_description/share/piper_description/urdf/piper_description.xacro
[0.232s] -- Up-to-date: /home/students_steeringwheel/Steeringwheel-Workspace/ros2_ws/install/piper_description/share/piper_description/urdf/piper_description_with_teach.urdf
[0.232s] -- Up-to-date: /home/students_steeringwheel/Steeringwheel-Workspace/ros2_ws/install/piper_description/share/piper_description/urdf/piper_no_gripper_description_gazebo.xacro
[0.232s] -- Up-to-date: /home/students_steeringwheel/Steeringwheel-Workspace/ros2_ws/install/piper_description/share/piper_description/urdf/piper_description_gazebo.xacro
[0.232s] -- Up-to-date: /home/students_steeringwheel/Steeringwheel-Workspace/ros2_ws/install/piper_description/share/piper_description/mujoco_model
[0.233s] -- Up-to-date: /home/students_steeringwheel/Steeringwheel-Workspace/ros2_ws/install/piper_description/share/piper_description/mujoco_model/piper_no_gripper_description.xml
[0.233s] -- Up-to-date: /home/students_steeringwheel/Steeringwheel-Workspace/ros2_ws/install/piper_description/share/piper_description/mujoco_model/piper_description.xml
[0.233s] -- Up-to-date: /home/students_steeringwheel/Steeringwheel-Workspace/ros2_ws/install/piper_description/share/ament_index/resource_index/package_run_dependencies/piper_description
[0.233s] -- Up-to-date: /home/students_steeringwheel/Steeringwheel-Workspace/ros2_ws/install/piper_description/share/ament_index/resource_index/parent_prefix_path/piper_description
[0.233s] -- Up-to-date: /home/students_steeringwheel/Steeringwheel-Workspace/ros2_ws/install/piper_description/share/piper_description/environment/ament_prefix_path.sh
[0.233s] -- Up-to-date: /home/students_steeringwheel/Steeringwheel-Workspace/ros2_ws/install/piper_description/share/piper_description/environment/ament_prefix_path.dsv
[0.233s] -- Up-to-date: /home/students_steeringwheel/Steeringwheel-Workspace/ros2_ws/install/piper_description/share/piper_description/environment/path.sh
[0.233s] -- Up-to-date: /home/students_steeringwheel/Steeringwheel-Workspace/ros2_ws/install/piper_description/share/piper_description/environment/path.dsv
[0.233s] -- Up-to-date: /home/students_steeringwheel/Steeringwheel-Workspace/ros2_ws/install/piper_description/share/piper_description/local_setup.bash
[0.233s] -- Up-to-date: /home/students_steeringwheel/Steeringwheel-Workspace/ros2_ws/install/piper_description/share/piper_description/local_setup.sh
[0.233s] -- Up-to-date: /home/students_steeringwheel/Steeringwheel-Workspace/ros2_ws/install/piper_description/share/piper_description/local_setup.zsh
[0.233s] -- Up-to-date: /home/students_steeringwheel/Steeringwheel-Workspace/ros2_ws/install/piper_description/share/piper_description/local_setup.dsv
[0.233s] -- Installing: /home/students_steeringwheel/Steeringwheel-Workspace/ros2_ws/install/piper_description/share/piper_description/package.dsv
[0.233s] -- Up-to-date: /home/students_steeringwheel/Steeringwheel-Workspace/ros2_ws/install/piper_description/share/ament_index/resource_index/packages/piper_description
[0.233s] -- Up-to-date: /home/students_steeringwheel/Steeringwheel-Workspace/ros2_ws/install/piper_description/share/piper_description/cmake/piper_descriptionConfig.cmake
[0.233s] -- Up-to-date: /home/students_steeringwheel/Steeringwheel-Workspace/ros2_ws/install/piper_description/share/piper_description/cmake/piper_descriptionConfig-version.cmake
[0.233s] -- Up-to-date: /home/students_steeringwheel/Steeringwheel-Workspace/ros2_ws/install/piper_description/share/piper_description/package.xml
[0.235s] Invoked command in '/home/students_steeringwheel/Steeringwheel-Workspace/ros2_ws/build/piper_description' returned '0': CMAKE_PREFIX_PATH=${CMAKE_PREFIX_PATH}:/home/students_steeringwheel/Steeringwheel-Workspace/ros2_ws/install/piper:/home/students_steeringwheel/Steeringwheel-Workspace/ros2_ws/install/g29_isaac_bridge:/opt/ros/humble PS1=(ros2_env) \[\e]0;\u@\h: \w\a\]${debian_chroot:+($debian_chroot)}\[\033[01;32m\]\u@\h\[\033[00m\]:\[\033[01;34m\]\w\[\033[00m\]\$ VIRTUAL_ENV_PROMPT=(ros2_env) /usr/bin/cmake --install /home/students_steeringwheel/Steeringwheel-Workspace/ros2_ws/build/piper_description
