[0.200s] Invoking command in '/home/students_steeringwheel/Steeringwheel-Workspace/ros2_ws/build/piper_mujoco': CMAKE_PREFIX_PATH=/home/students_steeringwheel/Steeringwheel-Workspace/ros2_ws/install/g29_isaac_bridge:/opt/ros/humble PS1=(ros2_env) \[\e]0;\u@\h: \w\a\]${debian_chroot:+($debian_chroot)}\[\033[01;32m\]\u@\h\[\033[00m\]:\[\033[01;34m\]\w\[\033[00m\]\$ VIRTUAL_ENV_PROMPT=(ros2_env) /usr/bin/cmake --build /home/students_steeringwheel/Steeringwheel-Workspace/ros2_ws/build/piper_mujoco -- -j32 -l32
[0.232s] Invoked command in '/home/students_steeringwheel/Steeringwheel-Workspace/ros2_ws/build/piper_mujoco' returned '0': CMAKE_PREFIX_PATH=/home/students_steeringwheel/Steeringwheel-Workspace/ros2_ws/install/g29_isaac_bridge:/opt/ros/humble PS1=(ros2_env) \[\e]0;\u@\h: \w\a\]${debian_chroot:+($debian_chroot)}\[\033[01;32m\]\u@\h\[\033[00m\]:\[\033[01;34m\]\w\[\033[00m\]\$ VIRTUAL_ENV_PROMPT=(ros2_env) /usr/bin/cmake --build /home/students_steeringwheel/Steeringwheel-Workspace/ros2_ws/build/piper_mujoco -- -j32 -l32
[0.233s] Invoking command in '/home/students_steeringwheel/Steeringwheel-Workspace/ros2_ws/build/piper_mujoco': CMAKE_PREFIX_PATH=/home/students_steeringwheel/Steeringwheel-Workspace/ros2_ws/install/g29_isaac_bridge:/opt/ros/humble PS1=(ros2_env) \[\e]0;\u@\h: \w\a\]${debian_chroot:+($debian_chroot)}\[\033[01;32m\]\u@\h\[\033[00m\]:\[\033[01;34m\]\w\[\033[00m\]\$ VIRTUAL_ENV_PROMPT=(ros2_env) /usr/bin/cmake --install /home/students_steeringwheel/Steeringwheel-Workspace/ros2_ws/build/piper_mujoco
[0.241s] -- Install configuration: ""
[0.241s] -- Up-to-date: /home/students_steeringwheel/Steeringwheel-Workspace/ros2_ws/install/piper_mujoco/lib/piper_mujoco/piper_mujoco_ctrl.py
[0.241s] -- Up-to-date: /home/students_steeringwheel/Steeringwheel-Workspace/ros2_ws/install/piper_mujoco/lib/piper_mujoco/piper_no_gripper_mujoco_ctrl.py
[0.241s] -- Up-to-date: /home/students_steeringwheel/Steeringwheel-Workspace/ros2_ws/install/piper_mujoco/share/ament_index/resource_index/package_run_dependencies/piper_mujoco
[0.241s] -- Up-to-date: /home/students_steeringwheel/Steeringwheel-Workspace/ros2_ws/install/piper_mujoco/share/ament_index/resource_index/parent_prefix_path/piper_mujoco
[0.241s] -- Up-to-date: /home/students_steeringwheel/Steeringwheel-Workspace/ros2_ws/install/piper_mujoco/share/piper_mujoco/environment/ament_prefix_path.sh
[0.242s] -- Up-to-date: /home/students_steeringwheel/Steeringwheel-Workspace/ros2_ws/install/piper_mujoco/share/piper_mujoco/environment/ament_prefix_path.dsv
[0.242s] -- Up-to-date: /home/students_steeringwheel/Steeringwheel-Workspace/ros2_ws/install/piper_mujoco/share/piper_mujoco/environment/path.sh
[0.242s] -- Up-to-date: /home/students_steeringwheel/Steeringwheel-Workspace/ros2_ws/install/piper_mujoco/share/piper_mujoco/environment/path.dsv
[0.242s] -- Up-to-date: /home/students_steeringwheel/Steeringwheel-Workspace/ros2_ws/install/piper_mujoco/share/piper_mujoco/local_setup.bash
[0.242s] -- Up-to-date: /home/students_steeringwheel/Steeringwheel-Workspace/ros2_ws/install/piper_mujoco/share/piper_mujoco/local_setup.sh
[0.242s] -- Up-to-date: /home/students_steeringwheel/Steeringwheel-Workspace/ros2_ws/install/piper_mujoco/share/piper_mujoco/local_setup.zsh
[0.242s] -- Up-to-date: /home/students_steeringwheel/Steeringwheel-Workspace/ros2_ws/install/piper_mujoco/share/piper_mujoco/local_setup.dsv
[0.242s] -- Up-to-date: /home/students_steeringwheel/Steeringwheel-Workspace/ros2_ws/install/piper_mujoco/share/piper_mujoco/package.dsv
[0.242s] -- Up-to-date: /home/students_steeringwheel/Steeringwheel-Workspace/ros2_ws/install/piper_mujoco/share/ament_index/resource_index/packages/piper_mujoco
[0.242s] -- Up-to-date: /home/students_steeringwheel/Steeringwheel-Workspace/ros2_ws/install/piper_mujoco/share/piper_mujoco/cmake/piper_mujocoConfig.cmake
[0.242s] -- Up-to-date: /home/students_steeringwheel/Steeringwheel-Workspace/ros2_ws/install/piper_mujoco/share/piper_mujoco/cmake/piper_mujocoConfig-version.cmake
[0.242s] -- Up-to-date: /home/students_steeringwheel/Steeringwheel-Workspace/ros2_ws/install/piper_mujoco/share/piper_mujoco/package.xml
[0.252s] Invoked command in '/home/students_steeringwheel/Steeringwheel-Workspace/ros2_ws/build/piper_mujoco' returned '0': CMAKE_PREFIX_PATH=/home/students_steeringwheel/Steeringwheel-Workspace/ros2_ws/install/g29_isaac_bridge:/opt/ros/humble PS1=(ros2_env) \[\e]0;\u@\h: \w\a\]${debian_chroot:+($debian_chroot)}\[\033[01;32m\]\u@\h\[\033[00m\]:\[\033[01;34m\]\w\[\033[00m\]\$ VIRTUAL_ENV_PROMPT=(ros2_env) /usr/bin/cmake --install /home/students_steeringwheel/Steeringwheel-Workspace/ros2_ws/build/piper_mujoco
