[0.200s] Invoking command in '/home/students_steeringwheel/Steeringwheel-Workspace/ros2_ws/build/piper_humble': CMAKE_PREFIX_PATH=${CMAKE_PREFIX_PATH}:/home/students_steeringwheel/Steeringwheel-Workspace/ros2_ws/install/piper:/home/students_steeringwheel/Steeringwheel-Workspace/ros2_ws/install/g29_isaac_bridge:/opt/ros/humble PS1=(ros2_env) \[\e]0;\u@\h: \w\a\]${debian_chroot:+($debian_chroot)}\[\033[01;32m\]\u@\h\[\033[00m\]:\[\033[01;34m\]\w\[\033[00m\]\$ VIRTUAL_ENV_PROMPT=(ros2_env) /usr/bin/cmake --build /home/students_steeringwheel/Steeringwheel-Workspace/ros2_ws/build/piper_humble -- -j32 -l32
[0.231s] Invoked command in '/home/students_steeringwheel/Steeringwheel-Workspace/ros2_ws/build/piper_humble' returned '0': CMAKE_PREFIX_PATH=${CMAKE_PREFIX_PATH}:/home/students_steeringwheel/Steeringwheel-Workspace/ros2_ws/install/piper:/home/students_steeringwheel/Steeringwheel-Workspace/ros2_ws/install/g29_isaac_bridge:/opt/ros/humble PS1=(ros2_env) \[\e]0;\u@\h: \w\a\]${debian_chroot:+($debian_chroot)}\[\033[01;32m\]\u@\h\[\033[00m\]:\[\033[01;34m\]\w\[\033[00m\]\$ VIRTUAL_ENV_PROMPT=(ros2_env) /usr/bin/cmake --build /home/students_steeringwheel/Steeringwheel-Workspace/ros2_ws/build/piper_humble -- -j32 -l32
[0.232s] Invoking command in '/home/students_steeringwheel/Steeringwheel-Workspace/ros2_ws/build/piper_humble': CMAKE_PREFIX_PATH=${CMAKE_PREFIX_PATH}:/home/students_steeringwheel/Steeringwheel-Workspace/ros2_ws/install/piper:/home/students_steeringwheel/Steeringwheel-Workspace/ros2_ws/install/g29_isaac_bridge:/opt/ros/humble PS1=(ros2_env) \[\e]0;\u@\h: \w\a\]${debian_chroot:+($debian_chroot)}\[\033[01;32m\]\u@\h\[\033[00m\]:\[\033[01;34m\]\w\[\033[00m\]\$ VIRTUAL_ENV_PROMPT=(ros2_env) /usr/bin/cmake --install /home/students_steeringwheel/Steeringwheel-Workspace/ros2_ws/build/piper_humble
[0.239s] -- Install configuration: ""
[0.239s] -- Up-to-date: /home/students_steeringwheel/Steeringwheel-Workspace/ros2_ws/install/piper_humble/share/ament_index/resource_index/package_run_dependencies/piper_humble
[0.239s] -- Up-to-date: /home/students_steeringwheel/Steeringwheel-Workspace/ros2_ws/install/piper_humble/share/ament_index/resource_index/parent_prefix_path/piper_humble
[0.239s] -- Up-to-date: /home/students_steeringwheel/Steeringwheel-Workspace/ros2_ws/install/piper_humble/share/piper_humble/environment/ament_prefix_path.sh
[0.239s] -- Up-to-date: /home/students_steeringwheel/Steeringwheel-Workspace/ros2_ws/install/piper_humble/share/piper_humble/environment/ament_prefix_path.dsv
[0.239s] -- Up-to-date: /home/students_steeringwheel/Steeringwheel-Workspace/ros2_ws/install/piper_humble/share/piper_humble/environment/path.sh
[0.239s] -- Up-to-date: /home/students_steeringwheel/Steeringwheel-Workspace/ros2_ws/install/piper_humble/share/piper_humble/environment/path.dsv
[0.239s] -- Up-to-date: /home/students_steeringwheel/Steeringwheel-Workspace/ros2_ws/install/piper_humble/share/piper_humble/local_setup.bash
[0.239s] -- Up-to-date: /home/students_steeringwheel/Steeringwheel-Workspace/ros2_ws/install/piper_humble/share/piper_humble/local_setup.sh
[0.239s] -- Up-to-date: /home/students_steeringwheel/Steeringwheel-Workspace/ros2_ws/install/piper_humble/share/piper_humble/local_setup.zsh
[0.239s] -- Up-to-date: /home/students_steeringwheel/Steeringwheel-Workspace/ros2_ws/install/piper_humble/share/piper_humble/local_setup.dsv
[0.239s] -- Installing: /home/students_steeringwheel/Steeringwheel-Workspace/ros2_ws/install/piper_humble/share/piper_humble/package.dsv
[0.239s] -- Up-to-date: /home/students_steeringwheel/Steeringwheel-Workspace/ros2_ws/install/piper_humble/share/ament_index/resource_index/packages/piper_humble
[0.239s] -- Up-to-date: /home/students_steeringwheel/Steeringwheel-Workspace/ros2_ws/install/piper_humble/share/piper_humble/cmake/piper_humbleConfig.cmake
[0.239s] -- Up-to-date: /home/students_steeringwheel/Steeringwheel-Workspace/ros2_ws/install/piper_humble/share/piper_humble/cmake/piper_humbleConfig-version.cmake
[0.239s] -- Up-to-date: /home/students_steeringwheel/Steeringwheel-Workspace/ros2_ws/install/piper_humble/share/piper_humble/package.xml
[0.240s] Invoked command in '/home/students_steeringwheel/Steeringwheel-Workspace/ros2_ws/build/piper_humble' returned '0': CMAKE_PREFIX_PATH=${CMAKE_PREFIX_PATH}:/home/students_steeringwheel/Steeringwheel-Workspace/ros2_ws/install/piper:/home/students_steeringwheel/Steeringwheel-Workspace/ros2_ws/install/g29_isaac_bridge:/opt/ros/humble PS1=(ros2_env) \[\e]0;\u@\h: \w\a\]${debian_chroot:+($debian_chroot)}\[\033[01;32m\]\u@\h\[\033[00m\]:\[\033[01;34m\]\w\[\033[00m\]\$ VIRTUAL_ENV_PROMPT=(ros2_env) /usr/bin/cmake --install /home/students_steeringwheel/Steeringwheel-Workspace/ros2_ws/build/piper_humble
