[0.199s] Invoking command in '/home/students_steeringwheel/Steeringwheel-Workspace/ros2_ws/build/piper_msgs': CMAKE_PREFIX_PATH=${CMAKE_PREFIX_PATH}:/home/students_steeringwheel/Steeringwheel-Workspace/ros2_ws/install/piper:/home/students_steeringwheel/Steeringwheel-Workspace/ros2_ws/install/g29_isaac_bridge:/opt/ros/humble PS1=(ros2_env) \[\e]0;\u@\h: \w\a\]${debian_chroot:+($debian_chroot)}\[\033[01;32m\]\u@\h\[\033[00m\]:\[\033[01;34m\]\w\[\033[00m\]\$ VIRTUAL_ENV_PROMPT=(ros2_env) /usr/bin/cmake /home/students_steeringwheel/Steeringwheel-Workspace/ros2_ws/src/piper_ros/src/piper_msgs -DCMAKE_INSTALL_PREFIX=/home/students_steeringwheel/Steeringwheel-Workspace/ros2_ws/install/piper_msgs
[0.206s] [0mCMake Deprecation Warning at CMakeLists.txt:1 (cmake_minimum_required):
[0.206s]   Compatibility with CMake < 3.10 will be removed from a future version of
[0.206s]   CMake.
[0.206s] 
[0.206s]   Update the VERSION argument <min> value.  Or, use the <min>...<max> syntax
[0.206s]   to tell CMake that the project requires at least <min> but has been updated
[0.206s]   to work with policies introduced by <max> or earlier.
[0.206s] 
[0.206s] [0m
[0.217s] -- Found ament_cmake: 1.3.12 (/opt/ros/humble/share/ament_cmake/cmake)
[0.295s] -- Found rclpy: 3.3.17 (/opt/ros/humble/share/rclpy/cmake)
[0.295s] -- Found rosidl_default_generators: 1.2.0 (/opt/ros/humble/share/rosidl_default_generators/cmake)
[0.297s] -- Using all available rosidl_typesupport_c: rosidl_typesupport_fastrtps_c;rosidl_typesupport_introspection_c
[0.298s] -- Found rosidl_adapter: 3.1.7 (/opt/ros/humble/share/rosidl_adapter/cmake)
[0.315s] -- Using all available rosidl_typesupport_cpp: rosidl_typesupport_fastrtps_cpp;rosidl_typesupport_introspection_cpp
[0.409s] [31mCMake Error at /opt/ros/humble/share/rosidl_adapter/cmake/rosidl_adapt_interfaces.cmake:59 (message):
[0.409s]   execute_process(/home/students_steeringwheel/ros2_env/bin/python3 -m
[0.409s]   rosidl_adapter --package-name piper_msgs --arguments-file
[0.409s]   /home/students_steeringwheel/Steeringwheel-Workspace/ros2_ws/build/piper_msgs/rosidl_adapter__arguments__piper_msgs.json
[0.409s]   --output-dir
[0.410s]   /home/students_steeringwheel/Steeringwheel-Workspace/ros2_ws/build/piper_msgs/rosidl_adapter/piper_msgs
[0.410s]   --output-file
[0.410s]   /home/students_steeringwheel/Steeringwheel-Workspace/ros2_ws/build/piper_msgs/rosidl_adapter/piper_msgs.idls)
[0.410s]   returned error code 1:
[0.410s] 
[0.410s]   AttributeError processing template 'msg.idl.em'
[0.410s] 
[0.410s]   Traceback (most recent call last):
[0.410s] 
[0.410s]     File "/opt/ros/humble/local/lib/python3.10/dist-packages/rosidl_adapter/resource/__init__.py", line 51, in evaluate_template
[0.410s]       em.BUFFERED_OPT: True,
[0.410s] 
[0.410s]   AttributeError: module 'em' has no attribute 'BUFFERED_OPT'
[0.410s] 
[0.410s] 
[0.410s] 
[0.410s]   During handling of the above exception, another exception occurred:
[0.410s] 
[0.410s] 
[0.410s] 
[0.410s]   Traceback (most recent call last):
[0.410s] 
[0.410s]     File "/usr/lib/python3.10/runpy.py", line 196, in _run_module_as_main
[0.410s]       return _run_code(code, main_globals, None,
[0.410s]     File "/usr/lib/python3.10/runpy.py", line 86, in _run_code
[0.410s]       exec(code, run_globals)
[0.410s]     File "/opt/ros/humble/local/lib/python3.10/dist-packages/rosidl_adapter/__main__.py", line 19, in <module>
[0.410s]       sys.exit(main())
[0.410s]     File "/opt/ros/humble/local/lib/python3.10/dist-packages/rosidl_adapter/main.py", line 53, in main
[0.410s]       abs_idl_file = convert_to_idl(
[0.410s]     File "/opt/ros/humble/local/lib/python3.10/dist-packages/rosidl_adapter/__init__.py", line 19, in convert_to_idl
[0.410s]       return convert_msg_to_idl(
[0.410s]     File "/opt/ros/humble/local/lib/python3.10/dist-packages/rosidl_adapter/msg/__init__.py", line 39, in convert_msg_to_idl
[0.410s]       expand_template('msg.idl.em', data, output_file, encoding='iso-8859-1')
[0.410s]     File "/opt/ros/humble/local/lib/python3.10/dist-packages/rosidl_adapter/resource/__init__.py", line 23, in expand_template
[0.410s]       content = evaluate_template(template_name, data)
[0.410s]     File "/opt/ros/humble/local/lib/python3.10/dist-packages/rosidl_adapter/resource/__init__.py", line 69, in evaluate_template
[0.410s]       _interpreter.shutdown()
[0.411s] 
[0.411s]   AttributeError: 'NoneType' object has no attribute 'shutdown'
[0.411s] 
[0.411s] Call Stack (most recent call first):
[0.411s]   /opt/ros/humble/share/rosidl_cmake/cmake/rosidl_generate_interfaces.cmake:130 (rosidl_adapt_interfaces)
[0.411s]   CMakeLists.txt:13 (rosidl_generate_interfaces)
[0.411s] 
[0.411s] [0m
[0.411s] -- Configuring incomplete, errors occurred!
[0.413s] Invoked command in '/home/students_steeringwheel/Steeringwheel-Workspace/ros2_ws/build/piper_msgs' returned '1': CMAKE_PREFIX_PATH=${CMAKE_PREFIX_PATH}:/home/students_steeringwheel/Steeringwheel-Workspace/ros2_ws/install/piper:/home/students_steeringwheel/Steeringwheel-Workspace/ros2_ws/install/g29_isaac_bridge:/opt/ros/humble PS1=(ros2_env) \[\e]0;\u@\h: \w\a\]${debian_chroot:+($debian_chroot)}\[\033[01;32m\]\u@\h\[\033[00m\]:\[\033[01;34m\]\w\[\033[00m\]\$ VIRTUAL_ENV_PROMPT=(ros2_env) /usr/bin/cmake /home/students_steeringwheel/Steeringwheel-Workspace/ros2_ws/src/piper_ros/src/piper_msgs -DCMAKE_INSTALL_PREFIX=/home/students_steeringwheel/Steeringwheel-Workspace/ros2_ws/install/piper_msgs
