[0.005s] Invoking command in '/home/students_steeringwheel/Steeringwheel-Workspace/ros2_ws/build/piper_with_gripper_moveit': AMENT_PREFIX_PATH=/home/students_steeringwheel/Steeringwheel-Workspace/ros2_ws/install/piper_description:${AMENT_PREFIX_PATH} CMAKE_PREFIX_PATH=/home/students_steeringwheel/Steeringwheel-Workspace/ros2_ws/install/piper_description:/opt/ros/humble PS1=(ros2_env) \[\e]0;\u@\h: \w\a\]${debian_chroot:+($debian_chroot)}\[\033[01;32m\]\u@\h\[\033[00m\]:\[\033[01;34m\]\w\[\033[00m\]\$ VIRTUAL_ENV_PROMPT=(ros2_env) /usr/bin/cmake /home/students_steeringwheel/Steeringwheel-Workspace/ros2_ws/src/piper_ros/src/piper_moveit/piper_with_gripper_moveit -DCMAKE_INSTALL_PREFIX=/home/students_steeringwheel/Steeringwheel-Workspace/ros2_ws/install/piper_with_gripper_moveit
[0.037s] -- The C compiler identification is GNU 11.4.0
[0.075s] -- The CXX compiler identification is GNU 11.4.0
[0.080s] -- Detecting C compiler ABI info
[0.116s] -- Detecting C compiler ABI info - done
[0.123s] -- Check for working C compiler: /usr/bin/cc - skipped
[0.123s] -- Detecting C compile features
[0.123s] -- Detecting C compile features - done
[0.130s] -- Detecting CXX compiler ABI info
[0.170s] -- Detecting CXX compiler ABI info - done
[0.178s] -- Check for working CXX compiler: /usr/bin/c++ - skipped
[0.179s] -- Detecting CXX compile features
[0.179s] -- Detecting CXX compile features - done
[0.184s] -- Found ament_cmake: 1.3.12 (/opt/ros/humble/share/ament_cmake/cmake)
[0.241s] -- Found Python3: /home/students_steeringwheel/ros2_env/bin/python3 (found version "3.10.12") found components: Interpreter
[0.330s] -- Configuring done (0.3s)
[0.333s] -- Generating done (0.0s)
[0.333s] -- Build files have been written to: /home/students_steeringwheel/Steeringwheel-Workspace/ros2_ws/build/piper_with_gripper_moveit
[0.340s] Invoked command in '/home/students_steeringwheel/Steeringwheel-Workspace/ros2_ws/build/piper_with_gripper_moveit' returned '0': AMENT_PREFIX_PATH=/home/students_steeringwheel/Steeringwheel-Workspace/ros2_ws/install/piper_description:${AMENT_PREFIX_PATH} CMAKE_PREFIX_PATH=/home/students_steeringwheel/Steeringwheel-Workspace/ros2_ws/install/piper_description:/opt/ros/humble PS1=(ros2_env) \[\e]0;\u@\h: \w\a\]${debian_chroot:+($debian_chroot)}\[\033[01;32m\]\u@\h\[\033[00m\]:\[\033[01;34m\]\w\[\033[00m\]\$ VIRTUAL_ENV_PROMPT=(ros2_env) /usr/bin/cmake /home/students_steeringwheel/Steeringwheel-Workspace/ros2_ws/src/piper_ros/src/piper_moveit/piper_with_gripper_moveit -DCMAKE_INSTALL_PREFIX=/home/students_steeringwheel/Steeringwheel-Workspace/ros2_ws/install/piper_with_gripper_moveit
[0.341s] Invoking command in '/home/students_steeringwheel/Steeringwheel-Workspace/ros2_ws/build/piper_with_gripper_moveit': AMENT_PREFIX_PATH=/home/students_steeringwheel/Steeringwheel-Workspace/ros2_ws/install/piper_description:${AMENT_PREFIX_PATH} CMAKE_PREFIX_PATH=/home/students_steeringwheel/Steeringwheel-Workspace/ros2_ws/install/piper_description:/opt/ros/humble PS1=(ros2_env) \[\e]0;\u@\h: \w\a\]${debian_chroot:+($debian_chroot)}\[\033[01;32m\]\u@\h\[\033[00m\]:\[\033[01;34m\]\w\[\033[00m\]\$ VIRTUAL_ENV_PROMPT=(ros2_env) /usr/bin/cmake --build /home/students_steeringwheel/Steeringwheel-Workspace/ros2_ws/build/piper_with_gripper_moveit -- -j32 -l32
[0.353s] Invoked command in '/home/students_steeringwheel/Steeringwheel-Workspace/ros2_ws/build/piper_with_gripper_moveit' returned '0': AMENT_PREFIX_PATH=/home/students_steeringwheel/Steeringwheel-Workspace/ros2_ws/install/piper_description:${AMENT_PREFIX_PATH} CMAKE_PREFIX_PATH=/home/students_steeringwheel/Steeringwheel-Workspace/ros2_ws/install/piper_description:/opt/ros/humble PS1=(ros2_env) \[\e]0;\u@\h: \w\a\]${debian_chroot:+($debian_chroot)}\[\033[01;32m\]\u@\h\[\033[00m\]:\[\033[01;34m\]\w\[\033[00m\]\$ VIRTUAL_ENV_PROMPT=(ros2_env) /usr/bin/cmake --build /home/students_steeringwheel/Steeringwheel-Workspace/ros2_ws/build/piper_with_gripper_moveit -- -j32 -l32
[0.354s] Invoking command in '/home/students_steeringwheel/Steeringwheel-Workspace/ros2_ws/build/piper_with_gripper_moveit': AMENT_PREFIX_PATH=/home/students_steeringwheel/Steeringwheel-Workspace/ros2_ws/install/piper_description:${AMENT_PREFIX_PATH} CMAKE_PREFIX_PATH=/home/students_steeringwheel/Steeringwheel-Workspace/ros2_ws/install/piper_description:/opt/ros/humble PS1=(ros2_env) \[\e]0;\u@\h: \w\a\]${debian_chroot:+($debian_chroot)}\[\033[01;32m\]\u@\h\[\033[00m\]:\[\033[01;34m\]\w\[\033[00m\]\$ VIRTUAL_ENV_PROMPT=(ros2_env) /usr/bin/cmake --install /home/students_steeringwheel/Steeringwheel-Workspace/ros2_ws/build/piper_with_gripper_moveit
[0.356s] -- Install configuration: ""
[0.356s] -- Installing: /home/students_steeringwheel/Steeringwheel-Workspace/ros2_ws/install/piper_with_gripper_moveit/share/ament_index/resource_index/package_run_dependencies/piper_with_gripper_moveit
[0.356s] -- Installing: /home/students_steeringwheel/Steeringwheel-Workspace/ros2_ws/install/piper_with_gripper_moveit/share/ament_index/resource_index/parent_prefix_path/piper_with_gripper_moveit
[0.356s] -- Installing: /home/students_steeringwheel/Steeringwheel-Workspace/ros2_ws/install/piper_with_gripper_moveit/share/piper_with_gripper_moveit/environment/ament_prefix_path.sh
[0.356s] -- Installing: /home/students_steeringwheel/Steeringwheel-Workspace/ros2_ws/install/piper_with_gripper_moveit/share/piper_with_gripper_moveit/environment/ament_prefix_path.dsv
[0.356s] -- Installing: /home/students_steeringwheel/Steeringwheel-Workspace/ros2_ws/install/piper_with_gripper_moveit/share/piper_with_gripper_moveit/environment/path.sh
[0.356s] -- Installing: /home/students_steeringwheel/Steeringwheel-Workspace/ros2_ws/install/piper_with_gripper_moveit/share/piper_with_gripper_moveit/environment/path.dsv
[0.356s] -- Installing: /home/students_steeringwheel/Steeringwheel-Workspace/ros2_ws/install/piper_with_gripper_moveit/share/piper_with_gripper_moveit/local_setup.bash
[0.357s] -- Installing: /home/students_steeringwheel/Steeringwheel-Workspace/ros2_ws/install/piper_with_gripper_moveit/share/piper_with_gripper_moveit/local_setup.sh
[0.357s] -- Installing: /home/students_steeringwheel/Steeringwheel-Workspace/ros2_ws/install/piper_with_gripper_moveit/share/piper_with_gripper_moveit/local_setup.zsh
[0.357s] -- Installing: /home/students_steeringwheel/Steeringwheel-Workspace/ros2_ws/install/piper_with_gripper_moveit/share/piper_with_gripper_moveit/local_setup.dsv
[0.357s] -- Installing: /home/students_steeringwheel/Steeringwheel-Workspace/ros2_ws/install/piper_with_gripper_moveit/share/piper_with_gripper_moveit/package.dsv
[0.357s] -- Installing: /home/students_steeringwheel/Steeringwheel-Workspace/ros2_ws/install/piper_with_gripper_moveit/share/ament_index/resource_index/packages/piper_with_gripper_moveit
[0.357s] -- Installing: /home/students_steeringwheel/Steeringwheel-Workspace/ros2_ws/install/piper_with_gripper_moveit/share/piper_with_gripper_moveit/cmake/piper_with_gripper_moveitConfig.cmake
[0.357s] -- Installing: /home/students_steeringwheel/Steeringwheel-Workspace/ros2_ws/install/piper_with_gripper_moveit/share/piper_with_gripper_moveit/cmake/piper_with_gripper_moveitConfig-version.cmake
[0.357s] -- Installing: /home/students_steeringwheel/Steeringwheel-Workspace/ros2_ws/install/piper_with_gripper_moveit/share/piper_with_gripper_moveit/package.xml
[0.357s] -- Installing: /home/students_steeringwheel/Steeringwheel-Workspace/ros2_ws/install/piper_with_gripper_moveit/share/piper_with_gripper_moveit/launch
[0.357s] -- Installing: /home/students_steeringwheel/Steeringwheel-Workspace/ros2_ws/install/piper_with_gripper_moveit/share/piper_with_gripper_moveit/launch/setup_assistant.launch.py
[0.357s] -- Installing: /home/students_steeringwheel/Steeringwheel-Workspace/ros2_ws/install/piper_with_gripper_moveit/share/piper_with_gripper_moveit/launch/spawn_controllers.launch.py
[0.357s] -- Installing: /home/students_steeringwheel/Steeringwheel-Workspace/ros2_ws/install/piper_with_gripper_moveit/share/piper_with_gripper_moveit/launch/rsp.launch.py
[0.357s] -- Installing: /home/students_steeringwheel/Steeringwheel-Workspace/ros2_ws/install/piper_with_gripper_moveit/share/piper_with_gripper_moveit/launch/warehouse_db.launch.py
[0.358s] -- Installing: /home/students_steeringwheel/Steeringwheel-Workspace/ros2_ws/install/piper_with_gripper_moveit/share/piper_with_gripper_moveit/launch/demo.launch.py
[0.358s] -- Installing: /home/students_steeringwheel/Steeringwheel-Workspace/ros2_ws/install/piper_with_gripper_moveit/share/piper_with_gripper_moveit/launch/static_virtual_joint_tfs.launch.py
[0.358s] -- Installing: /home/students_steeringwheel/Steeringwheel-Workspace/ros2_ws/install/piper_with_gripper_moveit/share/piper_with_gripper_moveit/launch/moveit_rviz.launch.py
[0.358s] -- Installing: /home/students_steeringwheel/Steeringwheel-Workspace/ros2_ws/install/piper_with_gripper_moveit/share/piper_with_gripper_moveit/launch/move_group.launch.py
[0.358s] -- Installing: /home/students_steeringwheel/Steeringwheel-Workspace/ros2_ws/install/piper_with_gripper_moveit/share/piper_with_gripper_moveit/launch/piper_moveit.launch.py
[0.358s] -- Installing: /home/students_steeringwheel/Steeringwheel-Workspace/ros2_ws/install/piper_with_gripper_moveit/share/piper_with_gripper_moveit/config
[0.358s] -- Installing: /home/students_steeringwheel/Steeringwheel-Workspace/ros2_ws/install/piper_with_gripper_moveit/share/piper_with_gripper_moveit/config/joint_limits.yaml
[0.358s] -- Installing: /home/students_steeringwheel/Steeringwheel-Workspace/ros2_ws/install/piper_with_gripper_moveit/share/piper_with_gripper_moveit/config/moveit.rviz
[0.358s] -- Installing: /home/students_steeringwheel/Steeringwheel-Workspace/ros2_ws/install/piper_with_gripper_moveit/share/piper_with_gripper_moveit/config/ros2_controllers.yaml
[0.358s] -- Installing: /home/students_steeringwheel/Steeringwheel-Workspace/ros2_ws/install/piper_with_gripper_moveit/share/piper_with_gripper_moveit/config/piper.srdf
[0.358s] -- Installing: /home/students_steeringwheel/Steeringwheel-Workspace/ros2_ws/install/piper_with_gripper_moveit/share/piper_with_gripper_moveit/config/kinematics.yaml
[0.358s] -- Installing: /home/students_steeringwheel/Steeringwheel-Workspace/ros2_ws/install/piper_with_gripper_moveit/share/piper_with_gripper_moveit/config/moveit_controllers.yaml
[0.358s] -- Installing: /home/students_steeringwheel/Steeringwheel-Workspace/ros2_ws/install/piper_with_gripper_moveit/share/piper_with_gripper_moveit/config/sensors_3d.yaml
[0.358s] -- Installing: /home/students_steeringwheel/Steeringwheel-Workspace/ros2_ws/install/piper_with_gripper_moveit/share/piper_with_gripper_moveit/config/initial_positions.yaml
[0.359s] -- Installing: /home/students_steeringwheel/Steeringwheel-Workspace/ros2_ws/install/piper_with_gripper_moveit/share/piper_with_gripper_moveit/config/piper.ros2_control.xacro
[0.359s] -- Installing: /home/students_steeringwheel/Steeringwheel-Workspace/ros2_ws/install/piper_with_gripper_moveit/share/piper_with_gripper_moveit/config/piper.urdf.xacro
[0.359s] -- Installing: /home/students_steeringwheel/Steeringwheel-Workspace/ros2_ws/install/piper_with_gripper_moveit/share/piper_with_gripper_moveit/config/pilz_cartesian_limits.yaml
[0.359s] -- Installing: /home/students_steeringwheel/Steeringwheel-Workspace/ros2_ws/install/piper_with_gripper_moveit/share/piper_with_gripper_moveit/.setup_assistant
[0.360s] Invoked command in '/home/students_steeringwheel/Steeringwheel-Workspace/ros2_ws/build/piper_with_gripper_moveit' returned '0': AMENT_PREFIX_PATH=/home/students_steeringwheel/Steeringwheel-Workspace/ros2_ws/install/piper_description:${AMENT_PREFIX_PATH} CMAKE_PREFIX_PATH=/home/students_steeringwheel/Steeringwheel-Workspace/ros2_ws/install/piper_description:/opt/ros/humble PS1=(ros2_env) \[\e]0;\u@\h: \w\a\]${debian_chroot:+($debian_chroot)}\[\033[01;32m\]\u@\h\[\033[00m\]:\[\033[01;34m\]\w\[\033[00m\]\$ VIRTUAL_ENV_PROMPT=(ros2_env) /usr/bin/cmake --install /home/students_steeringwheel/Steeringwheel-Workspace/ros2_ws/build/piper_with_gripper_moveit
