[Info] [carb] Logging to file: c:/users/rohit/downloads/isaac-sim-standalone-4.5.0-windows-x86_64/kit/logs/Kit/Isaac-Sim Python/4.5/kit_20260127_183240.log
2026-01-27 17:32:40 [0ms] [Warning] [omni.kit.app.plugin] No crash reporter present, dumps uploading isn't available.
[0.162s] [ext: omni.kit.async_engine-0.0.1] startup
[0.560s] [ext: omni.metrics.core-0.0.1] startup
[0.561s] [ext: omni.client.lib-1.0.0] startup
[0.576s] [ext: omni.blobkey-1.1.2] startup
[0.577s] [ext: omni.stats-1.0.1] startup
[0.579s] [ext: omni.datastore-0.0.0] startup
[0.580s] [ext: omni.client-1.2.2] startup
[0.586s] [ext: omni.ujitso.default-1.0.0] startup
[0.589s] [ext: omni.hsscclient-1.1.1] startup
2026-01-27 17:32:41 [493ms] [Warning] [omni.datastore] OmniHub is inaccessible
[0.595s] [ext: omni.gpu_foundation.shadercache.vulkan-1.0.0] startup
[0.599s] [ext: omni.assets.plugins-0.0.0] startup
[0.601s] [ext: omni.gpu_foundation-0.0.0] startup
[0.620s] [ext: carb.windowing.plugins-1.0.0] startup
[0.679s] [ext: omni.kit.renderer.init-0.0.0] startup
[0.681s] [ext: omni.kit.pipapi-0.0.0] startup
[0.685s] [ext: omni.kit.pip_archive-0.0.0] startup
[0.686s] [ext: omni.pip.compute-1.4.5] startup
[0.686s] [ext: omni.materialx.libs-1.0.6] startup
[0.699s] [ext: omni.kit.telemetry-0.5.1] startup
[0.710s] [ext: omni.pip.cloud-1.1.7] startup
[0.714s] [ext: omni.isaac.core_archive-2.3.3] startup
[0.715s] [ext: omni.usd.config-1.0.5] startup
[0.724s] [ext: omni.gpucompute.plugins-0.0.0] startup
[0.765s] [ext: omni.usd.libs-1.0.1] startup
[0.940s] [ext: omni.isaac.ml_archive-2.1.2] startup
[0.941s] [ext: omni.mdl-55.0.1] startup
[0.961s] [ext: omni.iray.libs-0.0.0] startup
[0.997s] [ext: omni.mdl.neuraylib-0.2.10] startup
[1.002s] [ext: omni.kit.usd.mdl-1.0.7] startup
[1.073s] [ext: omni.kit.loop-isaac-1.2.1] startup
[1.077s] [ext: omni.kit.test-1.1.2] startup
[1.144s] [ext: omni.appwindow-1.1.9] startup
[1.164s] [ext: omni.kit.renderer.core-1.0.2] startup
[1.169s] [ext: omni.kit.renderer.capture-0.0.0] startup
[1.173s] [ext: omni.kit.renderer.imgui-1.0.2] startup
[1.186s] [ext: omni.ui-2.26.5] startup
[1.196s] [ext: omni.kit.mainwindow-1.0.3] startup
[1.198s] [ext: carb.audio-0.1.0] startup
[1.199s] [ext: omni.uiaudio-1.0.0] startup
[1.202s] [ext: omni.kit.uiapp-0.0.0] startup
[1.202s] [ext: omni.usd.schema.metrics.assembler-106.5.0] startup
[1.209s] [ext: omni.usd.schema.anim-0.0.0] startup
[1.238s] [ext: isaacsim.robot.schema-3.1.2] startup
[1.252s] [ext: omni.usd.schema.geospatial-0.0.0] startup
[1.257s] [ext: omni.usd.schema.physx-106.5.7] startup
[1.296s] [ext: omni.usd.schema.audio-0.0.0] startup
[1.303s] [ext: omni.usd.schema.semantics-0.0.0] startup
[1.307s] [ext: omni.usd_resolver-1.0.0] startup
[1.314s] [ext: usdrt.scenegraph-7.5.1] startup
2026-01-27 17:32:41 [1,261ms] [Warning] [gpu.foundation.plugin] Skipping unsupported non-NVIDIA GPU: Intel(R) Graphics
2026-01-27 17:32:41 [1,261ms] [Warning] [gpu.foundation.plugin] Skipping unsupported non-NVIDIA GPU: Intel(R) Graphics
[1.372s] [ext: omni.kit.actions.core-1.0.0] startup
[1.376s] [ext: omni.timeline-1.0.11] startup
[1.378s] [ext: omni.usd.core-1.4.2] startup
[1.379s] [ext: omni.resourcemonitor-107.0.0] startup
[1.424s] [ext: omni.activity.core-1.0.1] startup
[1.427s] [ext: omni.kit.audiodeviceenum-1.0.1] startup
[1.430s] [ext: omni.hydra.usdrt_delegate-7.5.1] startup
[1.440s] [ext: omni.graph.exec-0.9.4] startup
[1.442s] [ext: omni.kit.window.popup_dialog-2.0.24] startup
[1.447s] [ext: omni.kit.exec.core-0.13.4] startup
[1.452s] [ext: omni.kit.widget.nucleus_connector-1.1.10] startup
[1.455s] [ext: omni.kit.usd_undo-0.1.8] startup
[1.455s] [ext: omni.kit.commands-1.4.9] startup
[1.462s] [ext: omni.hydra.scene_delegate-0.3.3] startup
[1.465s] [ext: omni.usd-1.12.4] startup
[1.512s] [ext: omni.kit.asset_converter-2.8.3] startup
[1.520s] [ext: omni.usd.schema.omniscripting-1.0.0] startup
[1.527s] [ext: omni.usd.schema.omnigraph-1.0.0] startup
[1.535s] [ext: omni.usd.schema.forcefield-106.5.7] startup
[1.540s] [ext: omni.usd.schema.isaac-3.0.2] startup
[1.540s] [ext: omni.inspect-1.0.1] startup
[1.543s] [ext: omni.kit.notification_manager-1.0.9] startup
[1.546s] [ext: omni.graph.core-2.181.8] startup
[1.550s] [ext: isaacsim.core.deprecation_manager-0.2.2] startup
[1.551s] [ext: omni.index.libs-380600.1777.0] startup
[1.551s] [ext: omni.ujitso.processor.texture-1.0.0] startup
[1.554s] [ext: omni.index-1.0.1] startup
[1.556s] [ext: omni.kit.widget.path_field-2.0.11] startup
[1.557s] [ext: omni.volume-0.5.0] startup
[1.561s] [ext: omni.ujitso.client-0.0.0] startup
[1.562s] [ext: omni.hydra.rtx.shadercache.vulkan-1.0.0] startup
[1.564s] [ext: omni.kit.widget.browser_bar-2.0.10] startup
[1.565s] [ext: omni.kit.clipboard-1.0.5] startup
[1.566s] [ext: omni.hydra.rtx-1.0.0] startup
[1.595s] [ext: omni.kit.viewport.registry-104.0.6] startup
[1.596s] [ext: omni.kit.helper.file_utils-0.1.9] startup
[1.598s] [ext: omni.kit.widget.options_menu-1.1.6] startup
[1.602s] [ext: omni.kit.menu.core-1.1.2] startup
[1.602s] [ext: omni.kit.widget.filebrowser-2.10.52] startup
[1.613s] [ext: omni.ui.scene-1.11.2] startup
[1.619s] [ext: omni.kit.widget.options_button-1.0.3] startup
[1.621s] [ext: omni.kit.widget.context_menu-1.2.4] startup
[1.623s] [ext: omni.kit.viewport.legacy_gizmos-1.0.16] startup
[1.625s] [ext: omni.kit.usd.layers-2.2.0] startup
[1.633s] [ext: omni.kit.window.filepicker-2.11.7] startup
[1.651s] [ext: omni.kit.hydra_texture-1.4.0] startup
[1.654s] [ext: omni.kit.viewport.scene_camera_model-1.0.5] startup
[1.656s] [ext: omni.kit.context_menu-1.8.3] startup
[1.658s] [ext: omni.kit.window.file_importer-1.1.14] startup
[1.663s] [ext: omni.kit.menu.utils-1.7.7] startup
[1.672s] [ext: omni.kit.widget.viewport-107.0.7] startup
[1.679s] [ext: omni.kit.window.drop_support-1.0.4] startup
[1.679s] [ext: omni.kit.raycast.query-1.0.5] startup
[1.683s] [ext: omni.kit.material.library-1.5.15] startup

|---------------------------------------------------------------------------------------------|
| Driver Version: 577.03        | Graphics API: Vulkan
|=============================================================================================|
| GPU | Name                             | Active | LDA | GPU Memory | Vendor-ID | LUID       |
|     |                                  |        |     |            | Device-ID | UUID       |
|     |                                  |        |     |            | Bus-ID    |            |
|---------------------------------------------------------------------------------------------|
| 0   | NVIDIA GeForce RTX 5080 Laptop.. | Yes: 0 |     | 15915   MB | 10de      | 445f0100.. |
|     |                                  |        |     |            | 2c59      | e4a89095.. |
|     |                                  |        |     |            | 2         |            |
|---------------------------------------------------------------------------------------------|
| 1   | Intel(R) Graphics                |        |     | 18339   MB | 8086      | aa580100.. |
|     |                                  |        |     |            | 7d67      | 8680677d.. |
|     |                                  |        |     |            | N/A       |            |
|=============================================================================================|
| OS: Windows 11 Home, Version: 10.0 (25H2), Build: 26200, Kernel: 10.0.26100.7627
| Processor: Intel(R) Core(TM) Ultra 9 275HX
| Cores: 24 | Logical Cores: 24
|---------------------------------------------------------------------------------------------|
| Total Memory (MB): 32175 | Free Memory: 17836
| Total Page/Swap (MB): 49583 | Free Page/Swap: 24442
|---------------------------------------------------------------------------------------------|
[1.689s] [ext: omni.hydra.engine.stats-1.0.3] startup
[1.691s] [ext: omni.kit.viewport.window-107.0.8] startup
[2.011s] [ext: omni.warp.core-1.5.0] startup
[2.114s] [ext: omni.kit.viewport.utility-1.0.18] startup
[2.115s] [ext: omni.kit.hotkeys.core-1.3.10] startup
[2.116s] [ext: omni.kit.widget.prompt-1.0.7] startup
[2.116s] [ext: omni.kit.usd.collect-2.2.22] startup
[2.119s] [ext: omni.kit.window.content_browser_registry-0.0.6] startup
[2.119s] [ext: omni.graph.tools-1.79.1] startup
[2.141s] [ext: omni.kit.window.file_exporter-1.0.31] startup
[2.142s] [ext: omni.kit.stage_template.core-1.1.22] startup
[2.143s] [ext: omni.graph.image.core-0.6.0] startup
[2.145s] [ext: omni.graph.action_core-1.1.7] startup
[2.148s] [ext: omni.graph-1.140.2] startup
[2.189s] [ext: omni.kit.window.file-1.3.57] startup
[2.192s] [ext: omni.kit.widget.filter-1.1.4] startup
[2.194s] [ext: omni.graph.image.nodes-1.3.0] startup
[2.198s] [ext: omni.graph.action_nodes-1.40.1] startup
[2.201s] [ext: omni.kit.window.content_browser-2.10.3] startup
2026-01-27 17:32:42 [2,111ms] [Warning] [omni.ext._impl._internal] Found class `WrappedClass` derived from `omni.ext.IExt` in module: 'omni.kit.window.content_browser', but it was imported from other extension: 'C:\Users\rohit\Downloads\isaac-sim-standalone-4.5.0-windows-x86_64/kit/kernel/py\omni\kit\app\_impl\__init__.py', which is not a subpath to: 'c:\users\rohit\downloads\isaac-sim-standalone-4.5.0-windows-x86_64\extscache\omni.kit.window.content_browser-2.10.3+d02c707b'. Do not import `IExt` derived class from other extension in your public namespace.
[2.231s] [ext: omni.kvdb-106.5.7] startup
[2.235s] [ext: omni.graph.action-1.120.0] startup
[2.238s] [ext: omni.kit.tool.collect-2.2.16] startup
[2.243s] [ext: omni.graph.nodes-1.162.1] startup
[2.256s] [ext: omni.kit.widget.searchfield-1.1.8] startup
[2.262s] [ext: omni.localcache-106.5.7] startup
[2.266s] [ext: omni.convexdecomposition-106.5.7] startup
[2.270s] [ext: omni.kit.widget.stage_icons-1.0.6] startup
[2.271s] [ext: omni.kit.widget.stage-2.11.6] startup
[2.313s] [ext: omni.usdphysics-106.5.7] startup
[2.315s] [ext: omni.physx.foundation-106.5.7] startup
[2.324s] [ext: omni.physics.tensors-106.5.7] startup
[2.330s] [ext: omni.kit.window.stage-2.5.11] startup
[2.334s] [ext: omni.kit.property.adapter.core-1.0.2] startup
[2.338s] [ext: omni.physx.cooking-106.5.7] startup
[2.343s] [ext: omni.kit.widget.zoombar-1.0.5] startup
[2.345s] [ext: omni.kit.widget.highlight_label-1.0.3] startup
[2.346s] [ext: omni.kit.property.adapter.usd-1.0.2] startup
[2.347s] [ext: omni.kit.property.adapter.fabric-1.0.3] startup
[2.350s] [ext: omni.physx-106.5.7] startup
[2.358s] [ext: omni.kit.browser.core-2.3.11] startup
[2.363s] [ext: omni.kit.window.property-1.11.5] startup
[2.366s] [ext: omni.kit.widget.text_editor-1.0.2] startup
[2.369s] [ext: omni.kit.property.usd-4.2.16] startup
[2.379s] [ext: omni.physx.tensors-106.5.7] startup
[2.382s] [ext: omni.kit.menu.stage-1.2.5] startup
[2.383s] [ext: omni.kit.browser.folder.core-1.10.1] startup
[2.391s] [ext: omni.warp-1.5.0] startup
[2.397s] [ext: isaacsim.examples.browser-0.1.8] startup
[2.401s] [ext: omni.physx.stageupdate-106.5.7] startup
[2.406s] [ext: omni.kit.numpy.common-0.1.2] startup
[2.409s] [ext: isaacsim.core.version-2.0.2] startup
[2.413s] [ext: omni.isaac.dynamic_control-1.3.15] startup
2026-01-27 17:32:42 [2,323ms] [Warning] [omni.isaac.dynamic_control] omni.isaac.dynamic_control is deprecated as of Isaac Sim 4.5. No action is needed from end-users.
[2.421s] [ext: isaacsim.storage.native-1.0.6] startup
[2.424s] [ext: omni.kit.menu.create-1.0.17] startup
[2.427s] [ext: isaacsim.core.utils-2.2.8] startup
[2.431s] [ext: omni.kit.widget.searchable_combobox-1.0.6] startup
[2.434s] [ext: omni.kit.primitive.mesh-1.0.17] startup
[2.442s] [ext: isaacsim.core.simulation_manager-0.3.3] startup
[3.883s] [ext: omni.kit.scripting-106.5.2] startup
[3.891s] [ext: omni.kit.stage_templates-1.2.6] startup
[3.894s] [ext: isaacsim.core.prims-0.3.7] startup
[3.914s] [ext: isaacsim.replicator.behavior-1.0.8] startup
[3.916s] [ext: isaacsim.core.api-4.2.16] startup
[3.926s] [ext: omni.ui_query-1.1.7] startup
[3.928s] [ext: omni.kit.manipulator.viewport-107.0.1] startup
[3.930s] [ext: omni.kit.ui_test-1.3.3] startup
[3.932s] [ext: omni.kit.window.extensions-1.4.25] startup
[3.937s] [ext: omni.graph.visualization.nodes-2.1.1] startup
[3.943s] [ext: omni.kit.tool.asset_importer-2.12.2] startup
[3.955s] [ext: isaacsim.gui.components-1.0.9] startup
[3.961s] [ext: omni.kit.widget.settings-1.2.2] startup
[3.967s] [ext: omni.kit.widget.graph-1.12.17] startup
[3.975s] [ext: omni.kit.window.preferences-1.7.0] startup
[3.982s] [ext: omni.kit.graph.delegate.default-1.2.2] startup
[3.983s] [ext: omni.kit.viewport.menubar.core-107.1.2] startup
[3.998s] [ext: omni.kit.widget.material_preview-1.0.16] startup
[4.000s] [ext: omni.kit.graph.usd.commands-1.3.1] startup
[4.002s] [ext: omni.kit.graph.editor.core-1.5.3] startup
[4.006s] [ext: omni.syntheticdata-0.6.10] startup
[4.026s] [ext: omni.kit.window.material_graph-1.8.19] startup
[4.062s] [ext: omni.graph.scriptnode-1.40.1] startup
[4.064s] [ext: isaacsim.core.cloner-1.3.4] startup
[4.066s] [ext: omni.replicator.core-1.11.35] startup
2026-01-27 17:32:44 [4,038ms] [Warning] [omni.replicator.core.scripts.extension] No material configuration file, adding configuration to material settings directly.
[4.137s] [ext: omni.isaac.cloner-1.0.2] startup
2026-01-27 17:32:44 [4,041ms] [Warning] [omni.isaac.cloner] omni.isaac.cloner has been deprecated in favor of isaacsim.core.cloner. Please update your code accordingly.
[4.139s] [ext: isaacsim.core.nodes-2.1.4] startup
[4.146s] [ext: isaacsim.asset.importer.urdf-2.3.10] startup
[4.300s] [ext: omni.isaac.core-4.0.3] startup
2026-01-27 17:32:44 [4,207ms] [Warning] [omni.isaac.core.physics_context.physics_context] omni.isaac.core.physics_context.physics_context has been deprecated in favor of isaacsim.core.api.physics_context.physics_context. Please update your code accordingly.
2026-01-27 17:32:44 [4,208ms] [Warning] [omni.isaac.core.simulation_context.simulation_context] omni.isaac.core.simulation_context.simulation_context has been deprecated in favor of isaacsim.core.api.simulation_context.simulation_context. Please update your code accordingly.
2026-01-27 17:32:44 [4,208ms] [Warning] [omni.isaac.core.world.world] omni.isaac.core.world.world has been deprecated in favor of isaacsim.core.api.world.world. Please update your code accordingly.
2026-01-27 17:32:44 [4,208ms] [Warning] [omni.isaac.core] omni.isaac.core has been deprecated in favor of isaacsim.core.api. Please update your code accordingly.
[4.307s] [ext: omni.isaac.core_nodes-2.0.2] startup
2026-01-27 17:32:44 [4,217ms] [Warning] [omni.isaac.core_nodes] omni.isaac.core_nodes has been deprecated in favor of isaacsim.core.nodes. Please update your code accordingly.
[4.314s] [ext: omni.anim.curve.core-1.2.0] startup
[4.327s] [ext: isaacsim.robot_motion.lula-4.0.4] startup
[4.337s] [ext: isaacsim.asset.importer.mjcf-2.3.3] startup
[4.345s] [ext: isaacsim.robot_motion.motion_generation-8.0.6] startup
[4.357s] [ext: isaacsim.asset.browser-1.3.4] startup
[4.605s] [ext: isaacsim.robot.surface_gripper-2.0.6] startup
[4.609s] [ext: omni.kit.selection-0.1.5] startup
[4.612s] [ext: isaacsim.robot_motion.lula_test_widget-1.0.5] startup
[4.614s] [ext: omni.isaac.assets_check-0.3.9] startup
2026-01-27 17:32:45 [4,519ms] [Warning] [omni.isaac.assets_check] omni.isaac.assets_check has been deprecated in favor of isaacsim.asset.browser. Please update your code accordingly.
[4.618s] [ext: isaacsim.robot.manipulators-3.0.4] startup
[4.623s] [ext: isaacsim.sensors.physics-0.3.5] startup
[4.631s] [ext: isaacsim.gui.menu-2.0.9] startup
[4.651s] [ext: omni.isaac.lula_test_widget-1.0.2] startup
2026-01-27 17:32:45 [4,557ms] [Warning] [omni.isaac.lula_test_widget] omni.isaac.lula_test_widget has been deprecated in favor of isaacsim.robot_motion.lula_test_widget. Please update your code accordingly.
[4.657s] [ext: omni.sensors.nv.common-2.5.0-coreapi] startup
[4.683s] [ext: omni.isaac.manipulators-3.0.3] startup
2026-01-27 17:32:45 [4,587ms] [Warning] [omni.isaac.manipulators] omni.isaac.manipulators has been deprecated in favor of isaacsim.robot.manipulators. Please update your code accordingly.
2026-01-27 17:32:45 [4,588ms] [Warning] [omni.isaac.manipulators.controllers] omni.isaac.manipulators has been deprecated in favor of isaacsim.robot.manipulators. Please update your code accordingly.
2026-01-27 17:32:45 [4,588ms] [Warning] [omni.isaac.manipulators.controllers.pick_place_controller] omni.isaac.manipulators has been deprecated in favor of isaacsim.robot.manipulators. Please update your code accordingly.
2026-01-27 17:32:45 [4,589ms] [Warning] [omni.isaac.manipulators.controllers.stacking_controller] omni.isaac.manipulators has been deprecated in favor of isaacsim.robot.manipulators. Please update your code accordingly.
2026-01-27 17:32:45 [4,589ms] [Warning] [omni.isaac.manipulators.grippers] omni.isaac.manipulators has been deprecated in favor of isaacsim.robot.manipulators. Please update your code accordingly.
2026-01-27 17:32:45 [4,589ms] [Warning] [omni.isaac.manipulators.grippers.gripper] omni.isaac.manipulators has been deprecated in favor of isaacsim.robot.manipulators. Please update your code accordingly.
2026-01-27 17:32:45 [4,589ms] [Warning] [omni.isaac.manipulators.grippers.parallel_gripper] omni.isaac.manipulators has been deprecated in favor of isaacsim.robot.manipulators. Please update your code accordingly.
2026-01-27 17:32:45 [4,590ms] [Warning] [omni.isaac.manipulators.grippers.surface_gripper] omni.isaac.manipulators has been deprecated in favor of isaacsim.robot.manipulators. Please update your code accordingly.
2026-01-27 17:32:45 [4,590ms] [Warning] [omni.isaac.manipulators.manipulators] omni.isaac.manipulators has been deprecated in favor of isaacsim.robot.manipulators. Please update your code accordingly.
2026-01-27 17:32:45 [4,590ms] [Warning] [omni.isaac.manipulators.manipulators.single_manipulator] omni.isaac.manipulators has been deprecated in favor of isaacsim.robot.manipulators. Please update your code accordingly.
[4.687s] [ext: isaacsim.robot.policy.examples-4.0.3] startup
[4.690s] [ext: omni.isaac.menu-1.0.2] startup
2026-01-27 17:32:45 [4,595ms] [Warning] [omni.isaac.menu] omni.isaac.menu has been deprecated in favor of isaacsim.gui.menu. Please update your code accordingly.
[4.692s] [ext: omni.isaac.motion_generation-8.0.2] startup
2026-01-27 17:32:45 [4,598ms] [Warning] [omni.isaac.motion_generation] omni.isaac.motion_generation has been deprecated in favor of isaacsim.robot_motion.motion_generation. Please update your code accordingly.
2026-01-27 17:32:45 [4,598ms] [Warning] [omni.isaac.motion_generation.articulation_kinematics_solver] omni.isaac.motion_generation has been deprecated in favor of isaacsim.robot_motion.motion_generation. Please update your code accordingly.
2026-01-27 17:32:45 [4,600ms] [Warning] [omni.isaac.motion_generation.articulation_motion_policy] omni.isaac.motion_generation has been deprecated in favor of isaacsim.robot_motion.motion_generation. Please update your code accordingly.
2026-01-27 17:32:45 [4,600ms] [Warning] [omni.isaac.motion_generation.articulation_trajectory] omni.isaac.motion_generation has been deprecated in favor of isaacsim.robot_motion.motion_generation. Please update your code accordingly.
2026-01-27 17:32:45 [4,600ms] [Warning] [omni.isaac.motion_generation.kinematics_interface] omni.isaac.motion_generation has been deprecated in favor of isaacsim.robot_motion.motion_generation. Please update your code accordingly.
2026-01-27 17:32:45 [4,600ms] [Warning] [omni.isaac.motion_generation.lula] omni.isaac.motion_generation has been deprecated in favor of isaacsim.robot_motion.motion_generation. Please update your code accordingly.
2026-01-27 17:32:45 [4,601ms] [Warning] [omni.isaac.motion_generation.lula.kinematics] omni.isaac.motion_generation has been deprecated in favor of isaacsim.robot_motion.motion_generation. Please update your code accordingly.
2026-01-27 17:32:45 [4,601ms] [Warning] [omni.isaac.motion_generation.lula.motion_policies] omni.isaac.motion_generation has been deprecated in favor of isaacsim.robot_motion.motion_generation. Please update your code accordingly.
2026-01-27 17:32:45 [4,601ms] [Warning] [omni.isaac.motion_generation.lula.path_planners] omni.isaac.motion_generation has been deprecated in favor of isaacsim.robot_motion.motion_generation. Please update your code accordingly.
2026-01-27 17:32:45 [4,601ms] [Warning] [omni.isaac.motion_generation.lula.trajectory_generator] omni.isaac.motion_generation has been deprecated in favor of isaacsim.robot_motion.motion_generation. Please update your code accordingly.
2026-01-27 17:32:45 [4,601ms] [Warning] [omni.isaac.motion_generation.motion_policy_controller] omni.isaac.motion_generation has been deprecated in favor of isaacsim.robot_motion.motion_generation. Please update your code accordingly.
2026-01-27 17:32:45 [4,602ms] [Warning] [omni.isaac.motion_generation.motion_policy_interface] omni.isaac.motion_generation has been deprecated in favor of isaacsim.robot_motion.motion_generation. Please update your code accordingly.
2026-01-27 17:32:45 [4,602ms] [Warning] [omni.isaac.motion_generation.path_planner_visualizer] omni.isaac.motion_generation has been deprecated in favor of isaacsim.robot_motion.motion_generation. Please update your code accordingly.
2026-01-27 17:32:45 [4,602ms] [Warning] [omni.isaac.motion_generation.path_planning_interface] omni.isaac.motion_generation has been deprecated in favor of isaacsim.robot_motion.motion_generation. Please update your code accordingly.
2026-01-27 17:32:45 [4,602ms] [Warning] [omni.isaac.motion_generation.trajectory] omni.isaac.motion_generation has been deprecated in favor of isaacsim.robot_motion.motion_generation. Please update your code accordingly.
2026-01-27 17:32:45 [4,602ms] [Warning] [omni.isaac.motion_generation.world_interface] omni.isaac.motion_generation has been deprecated in favor of isaacsim.robot_motion.motion_generation. Please update your code accordingly.
[4.699s] [ext: omni.sensors.nv.materials-1.4.0-coreapi] startup
[4.708s] [ext: omni.isaac.nucleus-1.0.3] startup
2026-01-27 17:32:45 [4,612ms] [Warning] [omni.isaac.nucleus] omni.isaac.nucleus has been deprecated in favor of isaacsim.storage.native. Please update your code accordingly.
2026-01-27 17:32:45 [4,612ms] [Warning] [omni.isaac.nucleus.nucleus] omni.isaac.nucleus.nucleus has been deprecated in favor of isaacsim.storage.native. Please update your code accordingly.
[4.709s] [ext: omni.isaac.quadruped-3.0.2] startup
2026-01-27 17:32:45 [4,612ms] [Warning] [omni.isaac.quadruped] omni.isaac.quadruped has been deprecated in favor of isaacsim.robot.policy.examples. Please update your code accordingly.
[4.710s] [ext: omni.kit.manipulator.selector-1.1.1] startup
[4.713s] [ext: omni.sensors.nv.wpm-2.4.0-coreapi] startup
[4.719s] [ext: omni.sensors.nv.lidar-2.6.3-coreapi] startup
[4.726s] [ext: omni.sensors.nv.ids-1.4.0-coreapi] startup
[4.731s] [ext: isaacsim.robot.manipulators.examples-1.0.3] startup
[4.733s] [ext: isaacsim.util.debug_draw-2.0.2] startup
[4.738s] [ext: omni.sensors.tiled-0.0.6] startup
[4.740s] [ext: omni.sensors.nv.radar-2.6.1-coreapi] startup
[4.753s] [ext: omni.kit.widget.toolbar-1.7.3] startup
[4.763s] [ext: omni.kit.manipulator.transform-106.0.1] startup
[4.767s] [ext: isaacsim.sensors.physx-2.2.4] startup
[4.773s] [ext: isaacsim.sensors.rtx-13.6.3] startup
[4.782s] [ext: isaacsim.sensors.camera-0.2.9] startup
[4.792s] [ext: isaacsim.cortex.framework-1.0.2] startup
[4.794s] [ext: omni.kit.manipulator.tool.snap-1.5.12] startup
[4.809s] [ext: omni.isaac.range_sensor-4.0.2] startup
[4.813s] [ext: omni.isaac.surface_gripper-2.0.2] startup
2026-01-27 17:32:45 [4,719ms] [Warning] [omni.isaac.surface_gripper] omni.isaac.surface_gripper has been deprecated in favor of isaacsim.robot.surface_gripper. Please update your code accordingly.
[4.817s] [ext: omni.isaac.sensor-13.0.3] startup
2026-01-27 17:32:45 [4,723ms] [Warning] [omni.isaac.sensor] omni.isaac.sensor has been deprecated in favor of isaacsim.sensors.camera, isaacsim.sensors.physics, isaacsim.sensors.physx, and isaacsim.sensors.rtx. Please update your code accordingly.
2026-01-27 17:32:45 [4,724ms] [Warning] [omni.isaac.sensor.camera] omni.isaac.sensor.camera has been deprecated in favor of isaacsim.sensors.camera.camera. Please update your code accordingly.
2026-01-27 17:32:45 [4,725ms] [Warning] [omni.isaac.sensor.camera_view] omni.isaac.sensor.camera_view has been deprecated in favor of isaacsim.sensors.camera.camera_view. Please update your code accordingly.
2026-01-27 17:32:45 [4,725ms] [Warning] [omni.isaac.sensor.commands] omni.isaac.sensor.commands has been deprecated in favor of isaacsim.sensors.physics.commands, isaacsim.sensors.physx.commands, and isaacsim.sensors.rtx.commands. Please update your code accordingly.
2026-01-27 17:32:45 [4,727ms] [Warning] [omni.isaac.sensor.contact_sensor] omni.isaac.sensor.contact_sensor has been deprecated in favor of isaacsim.sensors.physics.contact_sensor. Please update your code accordingly.
2026-01-27 17:32:45 [4,728ms] [Warning] [omni.isaac.sensor.imu_sensor] omni.isaac.sensor.imu_sensor has been deprecated in favor of isaacsim.sensors.physics.imu_sensor. Please update your code accordingly.
2026-01-27 17:32:45 [4,728ms] [Warning] [omni.isaac.sensor.lidar_rtx] omni.isaac.sensor.lidar_rtx has been deprecated in favor of isaacsim.sensors.rtx.lidar_rtx. Please update your code accordingly.
2026-01-27 17:32:45 [4,729ms] [Warning] [omni.isaac.sensor.rotating_lidar_physX] omni.isaac.sensor.imu_sensor has been deprecated in favor of isaacsim.sensors.physix.rotating_lidar_physX. Please update your code accordingly.
2026-01-27 17:32:45 [4,730ms] [Warning] [omni.isaac.sensor.scripts.samples.contact_sensor] omni.isaac.sensor.scripts.samples.contact_sensor has been deprecated in favor of isaacsim.sensors.physics.scripts.samples.contact_sensor. Please update your code accordingly.
2026-01-27 17:32:45 [4,730ms] [Warning] [omni.isaac.sensor.scripts.samples.imu_sensor] omni.isaac.sensor.scripts.samples.imu_sensor has been deprecated in favor of isaacsim.sensors.physics.scripts.samples.imu_sensor. Please update your code accordingly.
2026-01-27 17:32:45 [4,730ms] [Warning] [omni.isaac.sensor.scripts.samples.lightbeam_sensor] omni.isaac.sensor.scripts.samples.lightbeam_sensor has been deprecated in favor of isaacsim.sensors.physx.scripts.samples.lightbeam_sensor. Please update your code accordingly.
[4.827s] [ext: omni.isaac.cortex-1.0.2] startup
2026-01-27 17:32:45 [4,732ms] [Warning] [omni.isaac.cortex] omni.isaac.cortex has been deprecated in favor of isaacsim.cortex.framework. Please update your code accordingly.
[4.830s] [ext: omni.kit.viewport.manipulator.transform-107.0.4] startup
[4.837s] [ext: omni.debugdraw-0.1.3] startup
[4.842s] [ext: omni.isaac.universal_robots-1.0.2] startup
2026-01-27 17:32:45 [4,746ms] [Warning] [omni.isaac.universal_robots] omni.isaac.universal_robots has been deprecated in favor of isaacsim.robot.manipulators.examples.universal_robots. Please update your code accordingly.
2026-01-27 17:32:45 [4,746ms] [Warning] [omni.isaac.universal_robots.kinematics_solver] omni.isaac.franka has been deprecated in favor of isaacsim.robot.manipulators.examples.universal_robots. Please update your code accordingly.
2026-01-27 17:32:45 [4,747ms] [Warning] [omni.isaac.universal_robots.ur10] omni.isaac.franka has been deprecated in favor of isaacsim.robot.manipulators.examples.universal_robots. Please update your code accordingly.
[4.844s] [ext: omni.isaac.utils-2.0.2] startup
[4.847s] [ext: omni.kit.manipulator.prim.core-107.0.7] startup
[4.856s] [ext: omni.fabric.commands-1.1.5] startup
[4.860s] [ext: omni.kit.manipulator.selection-106.0.1] startup
[4.862s] [ext: omni.kit.viewport.actions-107.0.0] startup
[4.867s] [ext: omni.kit.manipulator.prim.usd-107.0.3] startup
[4.870s] [ext: omni.kit.manipulator.prim.fabric-107.0.4] startup
[4.873s] [ext: isaacsim.cortex.behaviors-2.0.3] startup
[4.873s] [ext: omni.kit.widget.layers-1.8.2] startup
[4.891s] [ext: omni.kit.viewport.menubar.display-107.0.3] startup
[4.894s] [ext: omni.kit.manipulator.prim-107.0.0] startup
[4.894s] [ext: omni.isaac.cortex.sample_behaviors-2.0.2] startup
2026-01-27 17:32:45 [4,799ms] [Warning] [omni.isaac.cortex.sample_behaviors] omni.isaac.cortex.sample_behaviors has been deprecated in favor of isaacsim.cortex.behaviors. Please update your code accordingly.
[4.896s] [ext: omni.graph.ui_nodes-1.40.1] startup
[4.903s] [ext: omni.usdphysics.ui-106.5.7] startup
[4.923s] [ext: omni.physx.commands-106.5.7] startup
[4.929s] [ext: omni.kit.property.camera-1.0.9] startup
[4.931s] [ext: omni.hydra.scene_api-0.1.2] startup
[4.935s] [ext: omni.kit.property.geometry-1.3.3] startup
[4.939s] [ext: omni.kit.property.light-1.0.11] startup
[4.942s] [ext: omni.physx.ui-106.5.7] startup
[4.976s] [ext: omni.kit.property.material-1.10.17] startup
[4.991s] [ext: omni.kit.property.render-1.1.3] startup
[4.996s] [ext: omni.kit.property.transform-1.5.10] startup
[5.004s] [ext: omni.kit.property.audio-1.0.16] startup
[5.006s] [ext: isaacsim.gui.property-1.0.4] startup
[5.009s] [ext: omni.physx.demos-106.5.7] startup
[5.034s] [ext: omni.kit.property.physx-106.5.7] startup
[5.074s] [ext: omni.isaac.lula-4.0.2] startup
2026-01-27 17:32:45 [4,979ms] [Warning] [omni.isaac.lula] omni.isaac.lula has been deprecated in favor of isaacsim.robot_motion.lula. Please update your code accordingly.
[5.076s] [ext: omni.kit.property.bundle-1.3.2] startup
[5.078s] [ext: omni.kit.property.isaac-1.0.2] startup
2026-01-27 17:32:45 [4,982ms] [Warning] [omni.kit.property.isaac] omni.kit.property.isaac has been deprecated in favor of isaacsim.gui.property. Please update your code accordingly.
2026-01-27 17:32:45 [4,982ms] [Warning] [omni.kit.property.isaac.widgets] omni.kit.property.isaac.widgets has been deprecated in favor of isaacsim.gui.property.widgets. Please update your code accordingly.
2026-01-27 17:32:45 [4,982ms] [Warning] [omni.ext._impl._internal] Found class `IsaacPropertyWidgets` derived from `omni.ext.IExt` in module: 'omni.kit.property.isaac', but it was imported from other extension: 'c:/users/rohit/downloads/isaac-sim-standalone-4.5.0-windows-x86_64/exts/isaacsim.gui.property/isaacsim/gui/property/widgets.py', which is not a subpath to: 'c:\users\rohit\downloads\isaac-sim-standalone-4.5.0-windows-x86_64\extsdeprecated\omni.kit.property.isaac'. Do not import `IExt` derived class from other extension in your public namespace.
[5.080s] [ext: omni.physx.vehicle-106.5.7] startup
[5.101s] [ext: omni.kit.viewport.menubar.camera-107.0.2] startup
[5.110s] [ext: omni.kit.viewport.menubar.lighting-106.0.2] startup
[5.113s] [ext: omni.kit.viewport.menubar.render-107.0.8] startup
[5.118s] [ext: omni.kit.viewport.menubar.settings-107.0.3] startup
[5.123s] [ext: omni.kit.window.console-0.2.14] startup
[5.131s] [ext: omni.physx.camera-106.5.7] startup
[5.141s] [ext: omni.kit.window.toolbar-1.6.2] startup
[5.145s] [ext: omni.isaac.version-2.0.2] startup
2026-01-27 17:32:45 [5,049ms] [Warning] [omni.isaac.version] omni.isaac.version has been deprecated in favor of isaacsim.core.version. Please update your code accordingly.
[5.146s] [ext: isaacsim.robot.wheeled_robots-4.0.3] startup
[5.153s] [ext: omni.physx.cct-106.5.7] startup
[5.170s] [ext: omni.physx.graph-106.5.7] startup
[5.186s] [ext: isaacsim.replicator.writers-1.0.1] startup
[5.223s] [ext: omni.physx.supportui-106.5.7] startup
[5.249s] [ext: omni.physx.telemetry-106.5.7] startup
[5.263s] [ext: omni.isaac.wheeled_robots-3.0.3] startup
2026-01-27 17:32:45 [5,168ms] [Warning] [omni.isaac.wheeled_robots] omni.isaac.wheeled_robots has been deprecated in favor of isaacsim.robot.wheeled_robots. Please update your code accordingly.
2026-01-27 17:32:45 [5,169ms] [Warning] [omni.isaac.wheeled_robots.controllers] omni.isaac.wheeled_robots has been deprecated in favor of isaacsim.robot.wheeled_robots. Please update your code accordingly.
2026-01-27 17:32:45 [5,170ms] [Warning] [omni.isaac.wheeled_robots.controllers.ackermann_controller] omni.isaac.wheeled_robots has been deprecated in favor of isaacsim.robot.wheeled_robots. Please update your code accordingly.
2026-01-27 17:32:45 [5,171ms] [Warning] [omni.isaac.wheeled_robots.controllers.differential_controller] omni.isaac.wheeled_robots has been deprecated in favor of isaacsim.robot.wheeled_robots. Please update your code accordingly.
2026-01-27 17:32:45 [5,172ms] [Warning] [omni.isaac.wheeled_robots.controllers.holonomic_controller] omni.isaac.wheeled_robots has been deprecated in favor of isaacsim.robot.wheeled_robots. Please update your code accordingly.
2026-01-27 17:32:45 [5,172ms] [Warning] [omni.isaac.wheeled_robots.controllers.quintic_path_planner] omni.isaac.wheeled_robots has been deprecated in favor of isaacsim.robot.wheeled_robots. Please update your code accordingly.
2026-01-27 17:32:45 [5,173ms] [Warning] [omni.isaac.wheeled_robots.controllers.stanley_control] omni.isaac.wheeled_robots has been deprecated in favor of isaacsim.robot.wheeled_robots. Please update your code accordingly.
2026-01-27 17:32:45 [5,173ms] [Warning] [omni.isaac.wheeled_robots.controllers.wheel_base_pose_controller] omni.isaac.wheeled_robots has been deprecated in favor of isaacsim.robot.wheeled_robots. Please update your code accordingly.
2026-01-27 17:32:45 [5,174ms] [Warning] [omni.isaac.wheeled_robots.impl] omni.isaac.wheeled_robots has been deprecated in favor of isaacsim.robot.wheeled_robots. Please update your code accordingly.
2026-01-27 17:32:45 [5,175ms] [Warning] [omni.isaac.wheeled_robots.robots] omni.isaac.wheeled_robots has been deprecated in favor of isaacsim.robot.wheeled_robots. Please update your code accordingly.
2026-01-27 17:32:45 [5,175ms] [Warning] [omni.isaac.wheeled_robots.robots.holonomic_robot_usd_setup] omni.isaac.wheeled_robots has been deprecated in favor of isaacsim.robot.wheeled_robots. Please update your code accordingly.
2026-01-27 17:32:45 [5,175ms] [Warning] [omni.isaac.wheeled_robots.robots.wheeled_robot] omni.isaac.wheeled_robots has been deprecated in favor of isaacsim.robot.wheeled_robots. Please update your code accordingly.
[5.272s] [ext: omni.isaac.franka-1.0.2] startup
2026-01-27 17:32:45 [5,178ms] [Warning] [omni.isaac.franka] omni.isaac.franka has been deprecated in favor of isaacsim.robot.manipulators.examples.franka. Please update your code accordingly.
2026-01-27 17:32:45 [5,178ms] [Warning] [omni.isaac.franka.franka] omni.isaac.franka has been deprecated in favor of isaacsim.robot.manipulators.examples.franka. Please update your code accordingly.
2026-01-27 17:32:45 [5,180ms] [Warning] [omni.isaac.franka.kinematics_solver] omni.isaac.franka has been deprecated in favor of isaacsim.robot.manipulators.examples.franka. Please update your code accordingly.
[5.277s] [ext: isaacsim.replicator.domain_randomization-1.0.2] startup
[5.283s] [ext: isaacsim.replicator.examples-1.1.2] startup
[5.287s] [ext: omni.kit.window.status_bar-0.1.7] startup
[5.295s] [ext: omni.rtx.window.settings-0.6.17] startup
[5.315s] [ext: omni.usd.metrics.assembler-106.5.0] startup
[5.325s] [ext: omni.physx.bundle-106.5.7] startup
[5.326s] [ext: isaacsim.app.about-2.0.7] startup
[5.332s] [ext: omni.replicator.isaac-2.0.3] startup
2026-01-27 17:32:45 [5,236ms] [Warning] [omni.replicator.isaac] omni.replicator.isaac has been deprecated in favor of isaacsim.replicator.domain_randomization, isaacsim.replicator.examples, isaacsim.replicator.writers. Please update your code accordingly.
[5.333s] [ext: omni.replicator.replicator_yaml-2.0.10] startup
[5.361s] [ext: omni.rtx.settings.core-0.6.3] startup
[5.368s] [ext: omni.usd.metrics.assembler.ui-106.5.0] startup
[5.376s] [ext: isaacsim.simulation_app-2.4.2] startup
[5.377s] [ext: omni.isaac.window.about-2.0.2] startup
2026-01-27 17:32:45 [5,282ms] [Warning] [omni.isaac.window.about] omni.isaac.window.about has been deprecated in favor of isaacsim.app.about. Please update your code accordingly.
2026-01-27 17:32:45 [5,283ms] [Warning] [omni.isaac.window.about.about] omni.isaac.window.about.about has been deprecated in favor of isaacsim.app.about.about. Please update your code accordingly.
[5.380s] [ext: semantics.schema.editor-0.3.10] startup
[5.386s] [ext: omni.kit.ui.actions-1.0.2] startup
[5.391s] [ext: semantics.schema.property-1.0.5] startup
[5.394s] [ext: omni.kit.manipulator.camera-106.0.3] startup
[5.399s] [ext: omni.isaac.kit-2.0.3] startup
2026-01-27 17:32:45 [5,304ms] [Warning] [omni.isaac.kit] omni.isaac.kit has been deprecated in favor of isaacsim.simulation_app. Please update your code accordingly.
[5.401s] [ext: omni.isaac.asset_browser-1.0.2] startup
2026-01-27 17:32:45 [5,305ms] [Warning] [omni.isaac.asset_browser] omni.isaac.asset_browser has been deprecated in favor of isaacsim.asset.browser. Please update your code accordingly.
[5.402s] [ext: isaacsim.core.throttling-2.0.2] startup
[5.404s] [ext: omni.kit.menu.common-1.1.9] startup
[5.408s] [ext: isaacsim.exp.base-4.5.0] startup
[5.408s] [ext: isaacsim.exp.base.python-4.5.0] startup
[5.410s] Simulation App Starting
[6.067s] app ready
2026-01-27 17:32:46 [6,016ms] [Warning] [rtx.neuraylib.plugin] [IRAY:RENDER]   1.1   IRAY   rend warn : GPU 1 (NVIDIA GeForce RTX 5080 Laptop GPU) with CUDA compute capability 12.0 is unsupported by this version of iray photoreal. Please look for an update with your software provider.
2026-01-27 17:32:46 [6,027ms] [Warning] [rtx.scenedb.plugin] SceneDbContext : TLAS limit buffer size 7508933632
2026-01-27 17:32:46 [6,027ms] [Warning] [rtx.scenedb.plugin] SceneDbContext : TLAS limit : valid false, within: false
2026-01-27 17:32:46 [6,027ms] [Warning] [rtx.scenedb.plugin] SceneDbContext : TLAS limit : decrement: 167690, decrement size: 7433845248
2026-01-27 17:32:46 [6,027ms] [Warning] [rtx.scenedb.plugin] SceneDbContext : New limit 9574251 (slope: 447, intercept: 13179904)
2026-01-27 17:32:46 [6,027ms] [Warning] [rtx.scenedb.plugin] SceneDbContext : TLAS limit buffer size 4287216384
2026-01-27 17:32:46 [6,027ms] [Warning] [rtx.scenedb.plugin] SceneDbContext : TLAS limit : valid true, within: true
2026-01-27 17:32:48 [7,733ms] [Warning] [omni.usd-abi.plugin] No setting was found for '/rtx-defaults-transient/meshlights/forceDisable'
2026-01-27 17:32:48 [7,756ms] [Warning] [omni.usd-abi.plugin] No setting was found for '/rtx-defaults/post/dlss/execMode'
[9.971s] Simulation App Startup Complete
2026-01-27 17:32:50 [9,875ms] [Warning] [omni.isaac.core.objects.capsule] omni.isaac.core.objects.capsule has been deprecated in favor of isaacsim.core.api.objects.capsule. Please update your code accordingly.
2026-01-27 17:32:50 [9,875ms] [Warning] [omni.isaac.core.objects.cone] omni.isaac.core.objects.cone has been deprecated in favor of isaacsim.core.api.objects.cone. Please update your code accordingly.
2026-01-27 17:32:50 [9,875ms] [Warning] [omni.isaac.core.objects.cuboid] omni.isaac.core.objects.cuboid has been deprecated in favor of isaacsim.core.api.objects.cuboid. Please update your code accordingly.
2026-01-27 17:32:50 [9,875ms] [Warning] [omni.isaac.core.objects.cylinder] omni.isaac.core.objects.cylinder has been deprecated in favor of isaacsim.core.api.objects.cylinder. Please update your code accordingly.
2026-01-27 17:32:50 [9,876ms] [Warning] [omni.isaac.core.objects.ground_plane] omni.isaac.core.objects.ground_plane has been deprecated in favor of isaacsim.core.api.objects.ground_plane. Please update your code accordingly.
2026-01-27 17:32:50 [9,876ms] [Warning] [omni.isaac.core.objects.sphere] omni.isaac.core.objects.sphere has been deprecated in favor of isaacsim.core.api.objects.sphere. Please update your code accordingly.
2026-01-27 17:32:50 [9,876ms] [Warning] [omni.isaac.core.utils.extensions] omni.isaac.core.utils.extensions has been deprecated in favor of isaacsim.core.utils.extensions. Please update your code accordingly.
2026-01-27 17:32:51 [11,011ms] [Warning] [isaacsim.asset.importer.urdf] Creating Asset in an in-memory stage, will not create layered structure
2026-01-27 17:32:51 [11,020ms] [Warning] [isaacsim.asset.importer.urdf] No mass specified for link dummy_link
2026-01-27 17:32:51 [11,022ms] [Warning] [isaacsim.asset.importer.urdf] Link dummy_link has no colliders, and no inertia was imported; assigning a small isotropic inertia matrix
2026-01-27 17:32:52 [11,575ms] [Warning] [omni.isaac.core.articulations.articulation] omni.isaac.core.articulations.articulation.Articulation has been deprecated in favor of isaacsim.core.prims.SingleArticulation Please update your code accordingly.
2026-01-27 17:32:52 [11,575ms] [Warning] [omni.isaac.core.articulations.articulation_gripper] omni.isaac.core.articulations.articulation_gripper has been deprecated in favor of isaacsim.core.api.articulations.articulation_gripper. Please update your code accordingly.
2026-01-27 17:32:52 [11,576ms] [Warning] [omni.isaac.core.articulations.articulation_subset] omni.isaac.core.articulations.articulation_subset has been deprecated in favor of isaacsim.core.api.articulations.articulation_subset. Please update your code accordingly.
2026-01-27 17:32:52 [11,576ms] [Warning] [omni.isaac.core.articulations.articulation_view] omni.isaac.core.articulations.articulation_view.ArticulationView has been deprecated in favor of isaacsim.core.prims.Articulation. Please update your code accordingly.
2026-01-27 17:32:53 [12,822ms] [Warning] [omni.hydra.scene_delegate.plugin] Calling getBypassRenderSkelMeshProcessing for prim /piper/link7/visuals.proto_mesh_id0 that has not been populated
2026-01-27 17:32:53 [12,968ms] [Warning] [omni.physx.tensors.plugin] Cannot assign transform to non-root articulation link at '/World/CustomGripper/Base'
2026-01-27 17:32:53 [12,968ms] [Warning] [omni.physx.tensors.plugin] Cannot assign velocities to rigid body at '/World/CustomGripper/Base'
[342.050s] Simulation App Shutting Down
