[0.022s] Invoking command in '/home/students_steeringwheel/Steeringwheel-Workspace/ros2_ws/build/piper_no_gripper_moveit': CMAKE_PREFIX_PATH=/home/students_steeringwheel/Steeringwheel-Workspace/ros2_ws/install/piper_description:/home/students_steeringwheel/Steeringwheel-Workspace/ros2_ws/install/piper_with_gripper_moveit:/home/students_steeringwheel/Steeringwheel-Workspace/ros2_ws/install/piper_no_gripper_moveit:/home/students_steeringwheel/Steeringwheel-Workspace/ros2_ws/install/piper_mujoco:/home/students_steeringwheel/Steeringwheel-Workspace/ros2_ws/install/piper_humble:/home/students_steeringwheel/Steeringwheel-Workspace/ros2_ws/install/piper_gazebo:/home/students_steeringwheel/Steeringwheel-Workspace/ros2_ws/install/piper:/home/students_steeringwheel/Steeringwheel-Workspace/ros2_ws/install/g29_isaac_bridge:/opt/ros/humble PS1=(ros2_env) \[\e]0;\u@\h: \w\a\]${debian_chroot:+($debian_chroot)}\[\033[01;32m\]\u@\h\[\033[00m\]:\[\033[01;34m\]\w\[\033[00m\]\$ VIRTUAL_ENV_PROMPT=(ros2_env) /usr/bin/cmake --build /home/students_steeringwheel/Steeringwheel-Workspace/ros2_ws/build/piper_no_gripper_moveit -- -j32 -l32
[0.033s] Invoked command in '/home/students_steeringwheel/Steeringwheel-Workspace/ros2_ws/build/piper_no_gripper_moveit' returned '0': CMAKE_PREFIX_PATH=/home/students_steeringwheel/Steeringwheel-Workspace/ros2_ws/install/piper_description:/home/students_steeringwheel/Steeringwheel-Workspace/ros2_ws/install/piper_with_gripper_moveit:/home/students_steeringwheel/Steeringwheel-Workspace/ros2_ws/install/piper_no_gripper_moveit:/home/students_steeringwheel/Steeringwheel-Workspace/ros2_ws/install/piper_mujoco:/home/students_steeringwheel/Steeringwheel-Workspace/ros2_ws/install/piper_humble:/home/students_steeringwheel/Steeringwheel-Workspace/ros2_ws/install/piper_gazebo:/home/students_steeringwheel/Steeringwheel-Workspace/ros2_ws/install/piper:/home/students_steeringwheel/Steeringwheel-Workspace/ros2_ws/install/g29_isaac_bridge:/opt/ros/humble PS1=(ros2_env) \[\e]0;\u@\h: \w\a\]${debian_chroot:+($debian_chroot)}\[\033[01;32m\]\u@\h\[\033[00m\]:\[\033[01;34m\]\w\[\033[00m\]\$ VIRTUAL_ENV_PROMPT=(ros2_env) /usr/bin/cmake --build /home/students_steeringwheel/Steeringwheel-Workspace/ros2_ws/build/piper_no_gripper_moveit -- -j32 -l32
[0.034s] Invoking command in '/home/students_steeringwheel/Steeringwheel-Workspace/ros2_ws/build/piper_no_gripper_moveit': CMAKE_PREFIX_PATH=/home/students_steeringwheel/Steeringwheel-Workspace/ros2_ws/install/piper_description:/home/students_steeringwheel/Steeringwheel-Workspace/ros2_ws/install/piper_with_gripper_moveit:/home/students_steeringwheel/Steeringwheel-Workspace/ros2_ws/install/piper_no_gripper_moveit:/home/students_steeringwheel/Steeringwheel-Workspace/ros2_ws/install/piper_mujoco:/home/students_steeringwheel/Steeringwheel-Workspace/ros2_ws/install/piper_humble:/home/students_steeringwheel/Steeringwheel-Workspace/ros2_ws/install/piper_gazebo:/home/students_steeringwheel/Steeringwheel-Workspace/ros2_ws/install/piper:/home/students_steeringwheel/Steeringwheel-Workspace/ros2_ws/install/g29_isaac_bridge:/opt/ros/humble PS1=(ros2_env) \[\e]0;\u@\h: \w\a\]${debian_chroot:+($debian_chroot)}\[\033[01;32m\]\u@\h\[\033[00m\]:\[\033[01;34m\]\w\[\033[00m\]\$ VIRTUAL_ENV_PROMPT=(ros2_env) /usr/bin/cmake --install /home/students_steeringwheel/Steeringwheel-Workspace/ros2_ws/build/piper_no_gripper_moveit
[0.036s] -- Install configuration: ""
[0.036s] -- Up-to-date: /home/students_steeringwheel/Steeringwheel-Workspace/ros2_ws/install/piper_no_gripper_moveit/share/ament_index/resource_index/package_run_dependencies/piper_no_gripper_moveit
[0.036s] -- Up-to-date: /home/students_steeringwheel/Steeringwheel-Workspace/ros2_ws/install/piper_no_gripper_moveit/share/ament_index/resource_index/parent_prefix_path/piper_no_gripper_moveit
[0.036s] -- Up-to-date: /home/students_steeringwheel/Steeringwheel-Workspace/ros2_ws/install/piper_no_gripper_moveit/share/piper_no_gripper_moveit/environment/ament_prefix_path.sh
[0.036s] -- Up-to-date: /home/students_steeringwheel/Steeringwheel-Workspace/ros2_ws/install/piper_no_gripper_moveit/share/piper_no_gripper_moveit/environment/ament_prefix_path.dsv
[0.036s] -- Up-to-date: /home/students_steeringwheel/Steeringwheel-Workspace/ros2_ws/install/piper_no_gripper_moveit/share/piper_no_gripper_moveit/environment/path.sh
[0.036s] -- Up-to-date: /home/students_steeringwheel/Steeringwheel-Workspace/ros2_ws/install/piper_no_gripper_moveit/share/piper_no_gripper_moveit/environment/path.dsv
[0.036s] -- Up-to-date: /home/students_steeringwheel/Steeringwheel-Workspace/ros2_ws/install/piper_no_gripper_moveit/share/piper_no_gripper_moveit/local_setup.bash
[0.036s] -- Up-to-date: /home/students_steeringwheel/Steeringwheel-Workspace/ros2_ws/install/piper_no_gripper_moveit/share/piper_no_gripper_moveit/local_setup.sh
[0.036s] -- Up-to-date: /home/students_steeringwheel/Steeringwheel-Workspace/ros2_ws/install/piper_no_gripper_moveit/share/piper_no_gripper_moveit/local_setup.zsh
[0.036s] -- Up-to-date: /home/students_steeringwheel/Steeringwheel-Workspace/ros2_ws/install/piper_no_gripper_moveit/share/piper_no_gripper_moveit/local_setup.dsv
[0.036s] -- Installing: /home/students_steeringwheel/Steeringwheel-Workspace/ros2_ws/install/piper_no_gripper_moveit/share/piper_no_gripper_moveit/package.dsv
[0.036s] -- Up-to-date: /home/students_steeringwheel/Steeringwheel-Workspace/ros2_ws/install/piper_no_gripper_moveit/share/ament_index/resource_index/packages/piper_no_gripper_moveit
[0.036s] -- Up-to-date: /home/students_steeringwheel/Steeringwheel-Workspace/ros2_ws/install/piper_no_gripper_moveit/share/piper_no_gripper_moveit/cmake/piper_no_gripper_moveitConfig.cmake
[0.036s] -- Up-to-date: /home/students_steeringwheel/Steeringwheel-Workspace/ros2_ws/install/piper_no_gripper_moveit/share/piper_no_gripper_moveit/cmake/piper_no_gripper_moveitConfig-version.cmake
[0.036s] -- Up-to-date: /home/students_steeringwheel/Steeringwheel-Workspace/ros2_ws/install/piper_no_gripper_moveit/share/piper_no_gripper_moveit/package.xml
[0.036s] -- Up-to-date: /home/students_steeringwheel/Steeringwheel-Workspace/ros2_ws/install/piper_no_gripper_moveit/share/piper_no_gripper_moveit/launch
[0.036s] -- Up-to-date: /home/students_steeringwheel/Steeringwheel-Workspace/ros2_ws/install/piper_no_gripper_moveit/share/piper_no_gripper_moveit/launch/setup_assistant.launch.py
[0.036s] -- Up-to-date: /home/students_steeringwheel/Steeringwheel-Workspace/ros2_ws/install/piper_no_gripper_moveit/share/piper_no_gripper_moveit/launch/spawn_controllers.launch.py
[0.036s] -- Up-to-date: /home/students_steeringwheel/Steeringwheel-Workspace/ros2_ws/install/piper_no_gripper_moveit/share/piper_no_gripper_moveit/launch/rsp.launch.py
[0.036s] -- Up-to-date: /home/students_steeringwheel/Steeringwheel-Workspace/ros2_ws/install/piper_no_gripper_moveit/share/piper_no_gripper_moveit/launch/warehouse_db.launch.py
[0.037s] -- Up-to-date: /home/students_steeringwheel/Steeringwheel-Workspace/ros2_ws/install/piper_no_gripper_moveit/share/piper_no_gripper_moveit/launch/demo.launch.py
[0.037s] -- Up-to-date: /home/students_steeringwheel/Steeringwheel-Workspace/ros2_ws/install/piper_no_gripper_moveit/share/piper_no_gripper_moveit/launch/static_virtual_joint_tfs.launch.py
[0.037s] -- Up-to-date: /home/students_steeringwheel/Steeringwheel-Workspace/ros2_ws/install/piper_no_gripper_moveit/share/piper_no_gripper_moveit/launch/moveit_rviz.launch.py
[0.037s] -- Up-to-date: /home/students_steeringwheel/Steeringwheel-Workspace/ros2_ws/install/piper_no_gripper_moveit/share/piper_no_gripper_moveit/launch/move_group.launch.py
[0.037s] -- Up-to-date: /home/students_steeringwheel/Steeringwheel-Workspace/ros2_ws/install/piper_no_gripper_moveit/share/piper_no_gripper_moveit/launch/piper_moveit.launch.py
[0.037s] -- Up-to-date: /home/students_steeringwheel/Steeringwheel-Workspace/ros2_ws/install/piper_no_gripper_moveit/share/piper_no_gripper_moveit/config
[0.037s] -- Up-to-date: /home/students_steeringwheel/Steeringwheel-Workspace/ros2_ws/install/piper_no_gripper_moveit/share/piper_no_gripper_moveit/config/joint_limits.yaml
[0.037s] -- Up-to-date: /home/students_steeringwheel/Steeringwheel-Workspace/ros2_ws/install/piper_no_gripper_moveit/share/piper_no_gripper_moveit/config/moveit.rviz
[0.037s] -- Up-to-date: /home/students_steeringwheel/Steeringwheel-Workspace/ros2_ws/install/piper_no_gripper_moveit/share/piper_no_gripper_moveit/config/ros2_controllers.yaml
[0.037s] -- Up-to-date: /home/students_steeringwheel/Steeringwheel-Workspace/ros2_ws/install/piper_no_gripper_moveit/share/piper_no_gripper_moveit/config/piper.srdf
[0.037s] -- Up-to-date: /home/students_steeringwheel/Steeringwheel-Workspace/ros2_ws/install/piper_no_gripper_moveit/share/piper_no_gripper_moveit/config/kinematics.yaml
[0.037s] -- Up-to-date: /home/students_steeringwheel/Steeringwheel-Workspace/ros2_ws/install/piper_no_gripper_moveit/share/piper_no_gripper_moveit/config/moveit_controllers.yaml
[0.037s] -- Up-to-date: /home/students_steeringwheel/Steeringwheel-Workspace/ros2_ws/install/piper_no_gripper_moveit/share/piper_no_gripper_moveit/config/initial_positions.yaml
[0.037s] -- Up-to-date: /home/students_steeringwheel/Steeringwheel-Workspace/ros2_ws/install/piper_no_gripper_moveit/share/piper_no_gripper_moveit/config/piper.ros2_control.xacro
[0.037s] -- Up-to-date: /home/students_steeringwheel/Steeringwheel-Workspace/ros2_ws/install/piper_no_gripper_moveit/share/piper_no_gripper_moveit/config/piper.urdf.xacro
[0.037s] -- Up-to-date: /home/students_steeringwheel/Steeringwheel-Workspace/ros2_ws/install/piper_no_gripper_moveit/share/piper_no_gripper_moveit/config/pilz_cartesian_limits.yaml
[0.037s] -- Up-to-date: /home/students_steeringwheel/Steeringwheel-Workspace/ros2_ws/install/piper_no_gripper_moveit/share/piper_no_gripper_moveit/.setup_assistant
[0.038s] Invoked command in '/home/students_steeringwheel/Steeringwheel-Workspace/ros2_ws/build/piper_no_gripper_moveit' returned '0': CMAKE_PREFIX_PATH=/home/students_steeringwheel/Steeringwheel-Workspace/ros2_ws/install/piper_description:/home/students_steeringwheel/Steeringwheel-Workspace/ros2_ws/install/piper_with_gripper_moveit:/home/students_steeringwheel/Steeringwheel-Workspace/ros2_ws/install/piper_no_gripper_moveit:/home/students_steeringwheel/Steeringwheel-Workspace/ros2_ws/install/piper_mujoco:/home/students_steeringwheel/Steeringwheel-Workspace/ros2_ws/install/piper_humble:/home/students_steeringwheel/Steeringwheel-Workspace/ros2_ws/install/piper_gazebo:/home/students_steeringwheel/Steeringwheel-Workspace/ros2_ws/install/piper:/home/students_steeringwheel/Steeringwheel-Workspace/ros2_ws/install/g29_isaac_bridge:/opt/ros/humble PS1=(ros2_env) \[\e]0;\u@\h: \w\a\]${debian_chroot:+($debian_chroot)}\[\033[01;32m\]\u@\h\[\033[00m\]:\[\033[01;34m\]\w\[\033[00m\]\$ VIRTUAL_ENV_PROMPT=(ros2_env) /usr/bin/cmake --install /home/students_steeringwheel/Steeringwheel-Workspace/ros2_ws/build/piper_no_gripper_moveit
