running egg_info
creating ../../build/g29_isaac_bridge/g29_isaac_bridge.egg-info
writing ../../build/g29_isaac_bridge/g29_isaac_bridge.egg-info/PKG-INFO
writing dependency_links to ../../build/g29_isaac_bridge/g29_isaac_bridge.egg-info/dependency_links.txt
writing entry points to ../../build/g29_isaac_bridge/g29_isaac_bridge.egg-info/entry_points.txt
writing requirements to ../../build/g29_isaac_bridge/g29_isaac_bridge.egg-info/requires.txt
writing top-level names to ../../build/g29_isaac_bridge/g29_isaac_bridge.egg-info/top_level.txt
writing manifest file '../../build/g29_isaac_bridge/g29_isaac_bridge.egg-info/SOURCES.txt'
reading manifest file '../../build/g29_isaac_bridge/g29_isaac_bridge.egg-info/SOURCES.txt'
writing manifest file '../../build/g29_isaac_bridge/g29_isaac_bridge.egg-info/SOURCES.txt'
running build
running build_py
creating /home/students_steeringwheel/Steeringwheel-Workspace/ros2_ws/build/g29_isaac_bridge/build
creating /home/students_steeringwheel/Steeringwheel-Workspace/ros2_ws/build/g29_isaac_bridge/build/lib
creating /home/students_steeringwheel/Steeringwheel-Workspace/ros2_ws/build/g29_isaac_bridge/build/lib/g29_isaac_bridge
copying g29_isaac_bridge/__init__.py -> /home/students_steeringwheel/Steeringwheel-Workspace/ros2_ws/build/g29_isaac_bridge/build/lib/g29_isaac_bridge
copying g29_isaac_bridge/g29_steering_node.py -> /home/students_steeringwheel/Steeringwheel-Workspace/ros2_ws/build/g29_isaac_bridge/build/lib/g29_isaac_bridge
running install
running install_lib
creating /home/students_steeringwheel/Steeringwheel-Workspace/ros2_ws/install/g29_isaac_bridge/lib/python3.10/site-packages/g29_isaac_bridge
copying /home/students_steeringwheel/Steeringwheel-Workspace/ros2_ws/build/g29_isaac_bridge/build/lib/g29_isaac_bridge/__init__.py -> /home/students_steeringwheel/Steeringwheel-Workspace/ros2_ws/install/g29_isaac_bridge/lib/python3.10/site-packages/g29_isaac_bridge
copying /home/students_steeringwheel/Steeringwheel-Workspace/ros2_ws/build/g29_isaac_bridge/build/lib/g29_isaac_bridge/g29_steering_node.py -> /home/students_steeringwheel/Steeringwheel-Workspace/ros2_ws/install/g29_isaac_bridge/lib/python3.10/site-packages/g29_isaac_bridge
byte-compiling /home/students_steeringwheel/Steeringwheel-Workspace/ros2_ws/install/g29_isaac_bridge/lib/python3.10/site-packages/g29_isaac_bridge/__init__.py to __init__.cpython-310.pyc
byte-compiling /home/students_steeringwheel/Steeringwheel-Workspace/ros2_ws/install/g29_isaac_bridge/lib/python3.10/site-packages/g29_isaac_bridge/g29_steering_node.py to g29_steering_node.cpython-310.pyc
running install_egg_info
Copying ../../build/g29_isaac_bridge/g29_isaac_bridge.egg-info to /home/students_steeringwheel/Steeringwheel-Workspace/ros2_ws/install/g29_isaac_bridge/lib/python3.10/site-packages/g29_isaac_bridge-0.0.1-py3.10.egg-info
running install_scripts
Installing g29_steering_node script to /home/students_steeringwheel/Steeringwheel-Workspace/ros2_ws/install/g29_isaac_bridge/lib/g29_isaac_bridge
writing list of installed files to '/home/students_steeringwheel/Steeringwheel-Workspace/ros2_ws/build/g29_isaac_bridge/install.log'
