[0.198s] Invoking command in '/home/students_steeringwheel/Steeringwheel-Workspace/ros2_ws/build/piper_humble': CMAKE_PREFIX_PATH=/opt/ros/humble PS1=(ros2_env) \[\e]0;\u@\h: \w\a\]${debian_chroot:+($debian_chroot)}\[\033[01;32m\]\u@\h\[\033[00m\]:\[\033[01;34m\]\w\[\033[00m\]\$ VIRTUAL_ENV_PROMPT=(ros2_env) /usr/bin/cmake /home/students_steeringwheel/Steeringwheel-Workspace/ros2_ws/src/piper_ros/src/piper_humble -DCMAKE_INSTALL_PREFIX=/home/students_steeringwheel/Steeringwheel-Workspace/ros2_ws/install/piper_humble
[0.230s] -- The C compiler identification is GNU 11.4.0
[0.268s] -- The CXX compiler identification is GNU 11.4.0
[0.273s] -- Detecting C compiler ABI info
[0.307s] -- Detecting C compiler ABI info - done
[0.316s] -- Check for working C compiler: /usr/bin/cc - skipped
[0.316s] -- Detecting C compile features
[0.316s] -- Detecting C compile features - done
[0.323s] -- Detecting CXX compiler ABI info
[0.363s] -- Detecting CXX compiler ABI info - done
[0.372s] -- Check for working CXX compiler: /usr/bin/c++ - skipped
[0.372s] -- Detecting CXX compile features
[0.372s] -- Detecting CXX compile features - done
[0.377s] -- Found ament_cmake: 1.3.12 (/opt/ros/humble/share/ament_cmake/cmake)
[0.433s] -- Found Python3: /home/students_steeringwheel/ros2_env/bin/python3 (found version "3.10.12") found components: Interpreter
[0.523s] -- Configuring done (0.3s)
[0.525s] -- Generating done (0.0s)
[0.526s] -- Build files have been written to: /home/students_steeringwheel/Steeringwheel-Workspace/ros2_ws/build/piper_humble
[0.529s] Invoked command in '/home/students_steeringwheel/Steeringwheel-Workspace/ros2_ws/build/piper_humble' returned '0': CMAKE_PREFIX_PATH=/opt/ros/humble PS1=(ros2_env) \[\e]0;\u@\h: \w\a\]${debian_chroot:+($debian_chroot)}\[\033[01;32m\]\u@\h\[\033[00m\]:\[\033[01;34m\]\w\[\033[00m\]\$ VIRTUAL_ENV_PROMPT=(ros2_env) /usr/bin/cmake /home/students_steeringwheel/Steeringwheel-Workspace/ros2_ws/src/piper_ros/src/piper_humble -DCMAKE_INSTALL_PREFIX=/home/students_steeringwheel/Steeringwheel-Workspace/ros2_ws/install/piper_humble
[0.530s] Invoking command in '/home/students_steeringwheel/Steeringwheel-Workspace/ros2_ws/build/piper_humble': CMAKE_PREFIX_PATH=/opt/ros/humble PS1=(ros2_env) \[\e]0;\u@\h: \w\a\]${debian_chroot:+($debian_chroot)}\[\033[01;32m\]\u@\h\[\033[00m\]:\[\033[01;34m\]\w\[\033[00m\]\$ VIRTUAL_ENV_PROMPT=(ros2_env) /usr/bin/cmake --build /home/students_steeringwheel/Steeringwheel-Workspace/ros2_ws/build/piper_humble -- -j32 -l32
[0.541s] Invoked command in '/home/students_steeringwheel/Steeringwheel-Workspace/ros2_ws/build/piper_humble' returned '0': CMAKE_PREFIX_PATH=/opt/ros/humble PS1=(ros2_env) \[\e]0;\u@\h: \w\a\]${debian_chroot:+($debian_chroot)}\[\033[01;32m\]\u@\h\[\033[00m\]:\[\033[01;34m\]\w\[\033[00m\]\$ VIRTUAL_ENV_PROMPT=(ros2_env) /usr/bin/cmake --build /home/students_steeringwheel/Steeringwheel-Workspace/ros2_ws/build/piper_humble -- -j32 -l32
[0.542s] Invoking command in '/home/students_steeringwheel/Steeringwheel-Workspace/ros2_ws/build/piper_humble': CMAKE_PREFIX_PATH=/opt/ros/humble PS1=(ros2_env) \[\e]0;\u@\h: \w\a\]${debian_chroot:+($debian_chroot)}\[\033[01;32m\]\u@\h\[\033[00m\]:\[\033[01;34m\]\w\[\033[00m\]\$ VIRTUAL_ENV_PROMPT=(ros2_env) /usr/bin/cmake --install /home/students_steeringwheel/Steeringwheel-Workspace/ros2_ws/build/piper_humble
[0.545s] -- Install configuration: ""
[0.545s] -- Installing: /home/students_steeringwheel/Steeringwheel-Workspace/ros2_ws/install/piper_humble/share/ament_index/resource_index/package_run_dependencies/piper_humble
[0.545s] -- Installing: /home/students_steeringwheel/Steeringwheel-Workspace/ros2_ws/install/piper_humble/share/ament_index/resource_index/parent_prefix_path/piper_humble
[0.545s] -- Installing: /home/students_steeringwheel/Steeringwheel-Workspace/ros2_ws/install/piper_humble/share/piper_humble/environment/ament_prefix_path.sh
[0.545s] -- Installing: /home/students_steeringwheel/Steeringwheel-Workspace/ros2_ws/install/piper_humble/share/piper_humble/environment/ament_prefix_path.dsv
[0.545s] -- Installing: /home/students_steeringwheel/Steeringwheel-Workspace/ros2_ws/install/piper_humble/share/piper_humble/environment/path.sh
[0.545s] -- Installing: /home/students_steeringwheel/Steeringwheel-Workspace/ros2_ws/install/piper_humble/share/piper_humble/environment/path.dsv
[0.545s] -- Installing: /home/students_steeringwheel/Steeringwheel-Workspace/ros2_ws/install/piper_humble/share/piper_humble/local_setup.bash
[0.545s] -- Installing: /home/students_steeringwheel/Steeringwheel-Workspace/ros2_ws/install/piper_humble/share/piper_humble/local_setup.sh
[0.545s] -- Installing: /home/students_steeringwheel/Steeringwheel-Workspace/ros2_ws/install/piper_humble/share/piper_humble/local_setup.zsh
[0.545s] -- Installing: /home/students_steeringwheel/Steeringwheel-Workspace/ros2_ws/install/piper_humble/share/piper_humble/local_setup.dsv
[0.545s] -- Installing: /home/students_steeringwheel/Steeringwheel-Workspace/ros2_ws/install/piper_humble/share/piper_humble/package.dsv
[0.545s] -- Installing: /home/students_steeringwheel/Steeringwheel-Workspace/ros2_ws/install/piper_humble/share/ament_index/resource_index/packages/piper_humble
[0.545s] -- Installing: /home/students_steeringwheel/Steeringwheel-Workspace/ros2_ws/install/piper_humble/share/piper_humble/cmake/piper_humbleConfig.cmake
[0.546s] -- Installing: /home/students_steeringwheel/Steeringwheel-Workspace/ros2_ws/install/piper_humble/share/piper_humble/cmake/piper_humbleConfig-version.cmake
[0.546s] -- Installing: /home/students_steeringwheel/Steeringwheel-Workspace/ros2_ws/install/piper_humble/share/piper_humble/package.xml
[0.547s] Invoked command in '/home/students_steeringwheel/Steeringwheel-Workspace/ros2_ws/build/piper_humble' returned '0': CMAKE_PREFIX_PATH=/opt/ros/humble PS1=(ros2_env) \[\e]0;\u@\h: \w\a\]${debian_chroot:+($debian_chroot)}\[\033[01;32m\]\u@\h\[\033[00m\]:\[\033[01;34m\]\w\[\033[00m\]\$ VIRTUAL_ENV_PROMPT=(ros2_env) /usr/bin/cmake --install /home/students_steeringwheel/Steeringwheel-Workspace/ros2_ws/build/piper_humble
