/home/students_steeringwheel/Steeringwheel-Workspace/ros2_ws/install/piper/lib/python3.10/site-packages/piper/piper_read_slave_joint.py
/home/students_steeringwheel/Steeringwheel-Workspace/ros2_ws/install/piper/lib/python3.10/site-packages/piper/__init__.py
/home/students_steeringwheel/Steeringwheel-Workspace/ros2_ws/install/piper/lib/python3.10/site-packages/piper/piper_ctrl_single_node.py
/home/students_steeringwheel/Steeringwheel-Workspace/ros2_ws/install/piper/lib/python3.10/site-packages/piper/piper_ctrl_single_node_new.py
/home/students_steeringwheel/Steeringwheel-Workspace/ros2_ws/install/piper/lib/python3.10/site-packages/piper/__pycache__/piper_read_slave_joint.cpython-310.pyc
/home/students_steeringwheel/Steeringwheel-Workspace/ros2_ws/install/piper/lib/python3.10/site-packages/piper/__pycache__/__init__.cpython-310.pyc
/home/students_steeringwheel/Steeringwheel-Workspace/ros2_ws/install/piper/lib/python3.10/site-packages/piper/__pycache__/piper_ctrl_single_node.cpython-310.pyc
/home/students_steeringwheel/Steeringwheel-Workspace/ros2_ws/install/piper/lib/python3.10/site-packages/piper/__pycache__/piper_ctrl_single_node_new.cpython-310.pyc
/home/students_steeringwheel/Steeringwheel-Workspace/ros2_ws/install/piper/share/ament_index/resource_index/packages/piper
/home/students_steeringwheel/Steeringwheel-Workspace/ros2_ws/install/piper/share/piper/package.xml
/home/students_steeringwheel/Steeringwheel-Workspace/ros2_ws/install/piper/share/piper/launch/start_single_piper_rviz.launch.py
/home/students_steeringwheel/Steeringwheel-Workspace/ros2_ws/install/piper/share/piper/launch/start_single_piper.launch.py
/home/students_steeringwheel/Steeringwheel-Workspace/ros2_ws/install/piper/share/piper/launch/start_two_piper.launch.py
/home/students_steeringwheel/Steeringwheel-Workspace/ros2_ws/install/piper/lib/python3.10/site-packages/piper-0.0.0-py3.10.egg-info/requires.txt
/home/students_steeringwheel/Steeringwheel-Workspace/ros2_ws/install/piper/lib/python3.10/site-packages/piper-0.0.0-py3.10.egg-info/entry_points.txt
/home/students_steeringwheel/Steeringwheel-Workspace/ros2_ws/install/piper/lib/python3.10/site-packages/piper-0.0.0-py3.10.egg-info/SOURCES.txt
/home/students_steeringwheel/Steeringwheel-Workspace/ros2_ws/install/piper/lib/python3.10/site-packages/piper-0.0.0-py3.10.egg-info/top_level.txt
/home/students_steeringwheel/Steeringwheel-Workspace/ros2_ws/install/piper/lib/python3.10/site-packages/piper-0.0.0-py3.10.egg-info/dependency_links.txt
/home/students_steeringwheel/Steeringwheel-Workspace/ros2_ws/install/piper/lib/python3.10/site-packages/piper-0.0.0-py3.10.egg-info/zip-safe
/home/students_steeringwheel/Steeringwheel-Workspace/ros2_ws/install/piper/lib/python3.10/site-packages/piper-0.0.0-py3.10.egg-info/PKG-INFO
/home/students_steeringwheel/Steeringwheel-Workspace/ros2_ws/install/piper/lib/piper/piper_read_slave_joint
/home/students_steeringwheel/Steeringwheel-Workspace/ros2_ws/install/piper/lib/piper/piper_single_ctrl
