[0.344s] Invoking command in '/home/students_steeringwheel/Steeringwheel-Workspace/ros2_ws/src/piper_ros/src/piper': PS1=(ros2_env) \[\e]0;\u@\h: \w\a\]${debian_chroot:+($debian_chroot)}\[\033[01;32m\]\u@\h\[\033[00m\]:\[\033[01;34m\]\w\[\033[00m\]\$ PYTHONPATH=/home/students_steeringwheel/Steeringwheel-Workspace/ros2_ws/build/piper/prefix_override:/home/students_steeringwheel/ros2_env/lib/python3.10/site-packages/colcon_core/task/python/colcon_distutils_commands:/home/students_steeringwheel/Steeringwheel-Workspace/ros2_ws/install/piper/lib/python3.10/site-packages:${PYTHONPATH} VIRTUAL_ENV_PROMPT=(ros2_env) /home/students_steeringwheel/ros2_env/bin/python3.10 -W ignore:setup.py install is deprecated -W ignore:easy_install command is deprecated setup.py egg_info --egg-base ../../../../build/piper build --build-base /home/students_steeringwheel/Steeringwheel-Workspace/ros2_ws/build/piper/build install --record /home/students_steeringwheel/Steeringwheel-Workspace/ros2_ws/build/piper/install.log --single-version-externally-managed install_data
[0.426s] running egg_info
[0.426s] writing ../../../../build/piper/piper.egg-info/PKG-INFO
[0.427s] writing dependency_links to ../../../../build/piper/piper.egg-info/dependency_links.txt
[0.427s] writing entry points to ../../../../build/piper/piper.egg-info/entry_points.txt
[0.427s] writing requirements to ../../../../build/piper/piper.egg-info/requires.txt
[0.427s] writing top-level names to ../../../../build/piper/piper.egg-info/top_level.txt
[0.427s] reading manifest file '../../../../build/piper/piper.egg-info/SOURCES.txt'
[0.427s] adding license file 'LICENSE'
[0.428s] writing manifest file '../../../../build/piper/piper.egg-info/SOURCES.txt'
[0.428s] running build
[0.428s] running build_py
[0.428s] running install
[0.428s] running install_lib
[0.429s] running install_data
[0.429s] running install_egg_info
[0.430s] removing '/home/students_steeringwheel/Steeringwheel-Workspace/ros2_ws/install/piper/lib/python3.10/site-packages/piper-0.0.0-py3.10.egg-info' (and everything under it)
[0.430s] Copying ../../../../build/piper/piper.egg-info to /home/students_steeringwheel/Steeringwheel-Workspace/ros2_ws/install/piper/lib/python3.10/site-packages/piper-0.0.0-py3.10.egg-info
[0.430s] running install_scripts
[0.439s] Installing piper_read_slave_joint script to /home/students_steeringwheel/Steeringwheel-Workspace/ros2_ws/install/piper/lib/piper
[0.439s] Installing piper_single_ctrl script to /home/students_steeringwheel/Steeringwheel-Workspace/ros2_ws/install/piper/lib/piper
[0.439s] writing list of installed files to '/home/students_steeringwheel/Steeringwheel-Workspace/ros2_ws/build/piper/install.log'
