-- Install configuration: ""
-- Installing: /home/students_steeringwheel/Steeringwheel-Workspace/ros2_ws/install/piper_description/share/piper_description/launch
-- Installing: /home/students_steeringwheel/Steeringwheel-Workspace/ros2_ws/install/piper_description/share/piper_description/launch/piper_with_teach
-- Installing: /home/students_steeringwheel/Steeringwheel-Workspace/ros2_ws/install/piper_description/share/piper_description/launch/piper_with_teach/display_with_teach_urdf.launch.py
-- Installing: /home/students_steeringwheel/Steeringwheel-Workspace/ros2_ws/install/piper_description/share/piper_description/launch/piper_with_gripper
-- Installing: /home/students_steeringwheel/Steeringwheel-Workspace/ros2_ws/install/piper_description/share/piper_description/launch/piper_with_gripper/display_urdf.launch.py
-- Installing: /home/students_steeringwheel/Steeringwheel-Workspace/ros2_ws/install/piper_description/share/piper_description/launch/piper_with_gripper/display_xacro.launch.py
-- Installing: /home/students_steeringwheel/Steeringwheel-Workspace/ros2_ws/install/piper_description/share/piper_description/launch/piper_with_gripper/display_urdf_follow.launch.py
-- Installing: /home/students_steeringwheel/Steeringwheel-Workspace/ros2_ws/install/piper_description/share/piper_description/launch/piper_no_gripper
-- Installing: /home/students_steeringwheel/Steeringwheel-Workspace/ros2_ws/install/piper_description/share/piper_description/launch/piper_no_gripper/display_no_gripper_urdf.launch.py
-- Installing: /home/students_steeringwheel/Steeringwheel-Workspace/ros2_ws/install/piper_description/share/piper_description/launch/piper_no_gripper/display_no_gripper_xacro.launch.py
-- Installing: /home/students_steeringwheel/Steeringwheel-Workspace/ros2_ws/install/piper_description/share/piper_description/launch/piper_no_gripper/display_no_gripper_urdf_follow.launch.py
-- Installing: /home/students_steeringwheel/Steeringwheel-Workspace/ros2_ws/install/piper_description/share/piper_description/meshes
-- Installing: /home/students_steeringwheel/Steeringwheel-Workspace/ros2_ws/install/piper_description/share/piper_description/meshes/link7.STL
-- Installing: /home/students_steeringwheel/Steeringwheel-Workspace/ros2_ws/install/piper_description/share/piper_description/meshes/link4.STL
-- Installing: /home/students_steeringwheel/Steeringwheel-Workspace/ros2_ws/install/piper_description/share/piper_description/meshes/link5.STL
-- Installing: /home/students_steeringwheel/Steeringwheel-Workspace/ros2_ws/install/piper_description/share/piper_description/meshes/teach_base.STL
-- Installing: /home/students_steeringwheel/Steeringwheel-Workspace/ros2_ws/install/piper_description/share/piper_description/meshes/link3.STL
-- Installing: /home/students_steeringwheel/Steeringwheel-Workspace/ros2_ws/install/piper_description/share/piper_description/meshes/gripper_base.STL
-- Installing: /home/students_steeringwheel/Steeringwheel-Workspace/ros2_ws/install/piper_description/share/piper_description/meshes/link6.STL
-- Installing: /home/students_steeringwheel/Steeringwheel-Workspace/ros2_ws/install/piper_description/share/piper_description/meshes/teach_link8.STL
-- Installing: /home/students_steeringwheel/Steeringwheel-Workspace/ros2_ws/install/piper_description/share/piper_description/meshes/link1.STL
-- Installing: /home/students_steeringwheel/Steeringwheel-Workspace/ros2_ws/install/piper_description/share/piper_description/meshes/teach_link7.STL
-- Installing: /home/students_steeringwheel/Steeringwheel-Workspace/ros2_ws/install/piper_description/share/piper_description/meshes/base_link.STL
-- Installing: /home/students_steeringwheel/Steeringwheel-Workspace/ros2_ws/install/piper_description/share/piper_description/meshes/link8.STL
-- Installing: /home/students_steeringwheel/Steeringwheel-Workspace/ros2_ws/install/piper_description/share/piper_description/meshes/link2.STL
-- Installing: /home/students_steeringwheel/Steeringwheel-Workspace/ros2_ws/install/piper_description/share/piper_description/rviz
-- Installing: /home/students_steeringwheel/Steeringwheel-Workspace/ros2_ws/install/piper_description/share/piper_description/rviz/piper_ctrl.rviz
-- Installing: /home/students_steeringwheel/Steeringwheel-Workspace/ros2_ws/install/piper_description/share/piper_description/rviz/piper_no_gripper.rviz
-- Installing: /home/students_steeringwheel/Steeringwheel-Workspace/ros2_ws/install/piper_description/share/piper_description/urdf
-- Installing: /home/students_steeringwheel/Steeringwheel-Workspace/ros2_ws/install/piper_description/share/piper_description/urdf/piper_no_gripper_description.urdf
-- Installing: /home/students_steeringwheel/Steeringwheel-Workspace/ros2_ws/install/piper_description/share/piper_description/urdf/piper_description_old.urdf
-- Installing: /home/students_steeringwheel/Steeringwheel-Workspace/ros2_ws/install/piper_description/share/piper_description/urdf/piper_no_gripper_description_old.urdf
-- Installing: /home/students_steeringwheel/Steeringwheel-Workspace/ros2_ws/install/piper_description/share/piper_description/urdf/piper_no_gripper_description.xacro
-- Installing: /home/students_steeringwheel/Steeringwheel-Workspace/ros2_ws/install/piper_description/share/piper_description/urdf/piper_description.urdf
-- Installing: /home/students_steeringwheel/Steeringwheel-Workspace/ros2_ws/install/piper_description/share/piper_description/urdf/piper_description.xacro
-- Installing: /home/students_steeringwheel/Steeringwheel-Workspace/ros2_ws/install/piper_description/share/piper_description/urdf/piper_description_with_teach.urdf
-- Installing: /home/students_steeringwheel/Steeringwheel-Workspace/ros2_ws/install/piper_description/share/piper_description/urdf/piper_no_gripper_description_gazebo.xacro
-- Installing: /home/students_steeringwheel/Steeringwheel-Workspace/ros2_ws/install/piper_description/share/piper_description/urdf/piper_description_gazebo.xacro
-- Installing: /home/students_steeringwheel/Steeringwheel-Workspace/ros2_ws/install/piper_description/share/piper_description/mujoco_model
-- Installing: /home/students_steeringwheel/Steeringwheel-Workspace/ros2_ws/install/piper_description/share/piper_description/mujoco_model/piper_no_gripper_description.xml
-- Installing: /home/students_steeringwheel/Steeringwheel-Workspace/ros2_ws/install/piper_description/share/piper_description/mujoco_model/piper_description.xml
-- Installing: /home/students_steeringwheel/Steeringwheel-Workspace/ros2_ws/install/piper_description/share/ament_index/resource_index/package_run_dependencies/piper_description
-- Installing: /home/students_steeringwheel/Steeringwheel-Workspace/ros2_ws/install/piper_description/share/ament_index/resource_index/parent_prefix_path/piper_description
-- Installing: /home/students_steeringwheel/Steeringwheel-Workspace/ros2_ws/install/piper_description/share/piper_description/environment/ament_prefix_path.sh
-- Installing: /home/students_steeringwheel/Steeringwheel-Workspace/ros2_ws/install/piper_description/share/piper_description/environment/ament_prefix_path.dsv
-- Installing: /home/students_steeringwheel/Steeringwheel-Workspace/ros2_ws/install/piper_description/share/piper_description/environment/path.sh
-- Installing: /home/students_steeringwheel/Steeringwheel-Workspace/ros2_ws/install/piper_description/share/piper_description/environment/path.dsv
-- Installing: /home/students_steeringwheel/Steeringwheel-Workspace/ros2_ws/install/piper_description/share/piper_description/local_setup.bash
-- Installing: /home/students_steeringwheel/Steeringwheel-Workspace/ros2_ws/install/piper_description/share/piper_description/local_setup.sh
-- Installing: /home/students_steeringwheel/Steeringwheel-Workspace/ros2_ws/install/piper_description/share/piper_description/local_setup.zsh
-- Installing: /home/students_steeringwheel/Steeringwheel-Workspace/ros2_ws/install/piper_description/share/piper_description/local_setup.dsv
-- Installing: /home/students_steeringwheel/Steeringwheel-Workspace/ros2_ws/install/piper_description/share/piper_description/package.dsv
-- Installing: /home/students_steeringwheel/Steeringwheel-Workspace/ros2_ws/install/piper_description/share/ament_index/resource_index/packages/piper_description
-- Installing: /home/students_steeringwheel/Steeringwheel-Workspace/ros2_ws/install/piper_description/share/piper_description/cmake/piper_descriptionConfig.cmake
-- Installing: /home/students_steeringwheel/Steeringwheel-Workspace/ros2_ws/install/piper_description/share/piper_description/cmake/piper_descriptionConfig-version.cmake
-- Installing: /home/students_steeringwheel/Steeringwheel-Workspace/ros2_ws/install/piper_description/share/piper_description/package.xml
