[0.014s] Invoking command in '/home/students_steeringwheel/Steeringwheel-Workspace/ros2_ws/build/piper_description': CMAKE_PREFIX_PATH=/opt/ros/humble /usr/bin/cmake /home/students_steeringwheel/Steeringwheel-Workspace/ros2_ws/src/piper_ros/src/piper_description -DCMAKE_INSTALL_PREFIX=/home/students_steeringwheel/Steeringwheel-Workspace/ros2_ws/install/piper_description
[0.292s] -- The C compiler identification is GNU 11.4.0
[0.292s] -- The CXX compiler identification is GNU 11.4.0
[0.292s] -- Detecting C compiler ABI info
[0.292s] -- Detecting C compiler ABI info - done
[0.293s] -- Check for working C compiler: /usr/bin/cc - skipped
[0.293s] -- Detecting C compile features
[0.293s] -- Detecting C compile features - done
[0.293s] -- Detecting CXX compiler ABI info
[0.293s] -- Detecting CXX compiler ABI info - done
[0.293s] -- Check for working CXX compiler: /usr/bin/c++ - skipped
[0.293s] -- Detecting CXX compile features
[0.293s] -- Detecting CXX compile features - done
[0.293s] -- Found ament_cmake: 1.3.12 (/opt/ros/humble/share/ament_cmake/cmake)
[0.293s] [0mCMake Deprecation Warning at CMakeLists.txt:1 (cmake_minimum_required):
[0.293s]   Compatibility with CMake < 3.10 will be removed from a future version of
[0.293s]   CMake.
[0.293s] 
[0.293s]   Update the VERSION argument <min> value.  Or, use the <min>...<max> syntax
[0.293s]   to tell CMake that the project requires at least <min> but has been updated
[0.293s]   to work with policies introduced by <max> or earlier.
[0.293s] 
[0.293s] [0m
[0.335s] -- Found Python3: /usr/bin/python3 (found version "3.10.12") found components: Interpreter
[0.389s] -- Found ament_lint_auto: 0.12.14 (/opt/ros/humble/share/ament_lint_auto/cmake)
[0.434s] -- Added test 'copyright' to check source files copyright and LICENSE
[0.437s] -- Added test 'flake8' to check Python code syntax and style conventions
[0.438s] -- Added test 'lint_cmake' to check CMake code style
[0.438s] -- Added test 'pep257' to check Python code against some of the docstring style conventions in PEP 257
[0.440s] -- Added test 'xmllint' to check XML markup files
[0.441s] -- Configuring done (0.4s)
[0.443s] -- Generating done (0.0s)
[0.444s] -- Build files have been written to: /home/students_steeringwheel/Steeringwheel-Workspace/ros2_ws/build/piper_description
